stm32f7xx_hal_dfsdm.c:497:13:HAL_DFSDM_ChannelMspInit	0	static
stm32f7xx_hal_dfsdm.c:336:19:HAL_DFSDM_ChannelInit	24	static
stm32f7xx_hal_dfsdm.c:512:13:HAL_DFSDM_ChannelMspDeInit	0	static
stm32f7xx_hal_dfsdm.c:443:19:HAL_DFSDM_ChannelDeInit	16	static
stm32f7xx_hal_dfsdm.c:688:19:HAL_DFSDM_ChannelCkabStart	24	static
stm32f7xx_hal_dfsdm.c:741:19:HAL_DFSDM_ChannelPollForCkab	24	static
stm32f7xx_hal_dfsdm.c:791:19:HAL_DFSDM_ChannelCkabStop	0	static
stm32f7xx_hal_dfsdm.c:827:19:HAL_DFSDM_ChannelCkabStart_IT	24	static
stm32f7xx_hal_dfsdm.c:882:13:HAL_DFSDM_ChannelCkabCallback	0	static
stm32f7xx_hal_dfsdm.c:898:19:HAL_DFSDM_ChannelCkabStop_IT	0	static
stm32f7xx_hal_dfsdm.c:938:19:HAL_DFSDM_ChannelScdStart	4	static
stm32f7xx_hal_dfsdm.c:975:19:HAL_DFSDM_ChannelPollForScd	24	static
stm32f7xx_hal_dfsdm.c:1025:19:HAL_DFSDM_ChannelScdStop	0	static
stm32f7xx_hal_dfsdm.c:1062:19:HAL_DFSDM_ChannelScdStart_IT	8	static
stm32f7xx_hal_dfsdm.c:1101:13:HAL_DFSDM_ChannelScdCallback	0	static
stm32f7xx_hal_dfsdm.c:1117:19:HAL_DFSDM_ChannelScdStop_IT	0	static
stm32f7xx_hal_dfsdm.c:1152:9:HAL_DFSDM_ChannelGetAwdValue	0	static
stm32f7xx_hal_dfsdm.c:1164:19:HAL_DFSDM_ChannelModifyOffset	0	static
stm32f7xx_hal_dfsdm.c:1211:32:HAL_DFSDM_ChannelGetState	0	static
stm32f7xx_hal_dfsdm.c:1404:13:HAL_DFSDM_FilterMspInit	0	static
stm32f7xx_hal_dfsdm.c:1241:19:HAL_DFSDM_FilterInit	24	static
stm32f7xx_hal_dfsdm.c:1419:13:HAL_DFSDM_FilterMspDeInit	0	static
stm32f7xx_hal_dfsdm.c:1368:19:HAL_DFSDM_FilterDeInit	8	static
stm32f7xx_hal_dfsdm.c:1693:19:HAL_DFSDM_FilterConfigRegChannel	8	static
stm32f7xx_hal_dfsdm.c:1738:19:HAL_DFSDM_FilterConfigInjChannel	0	static
stm32f7xx_hal_dfsdm.c:1808:19:HAL_DFSDM_FilterRegularStart	0	static
stm32f7xx_hal_dfsdm.c:1902:19:HAL_DFSDM_FilterRegularStop	4	static
stm32f7xx_hal_dfsdm.c:1932:19:HAL_DFSDM_FilterRegularStart_IT	4	static
stm32f7xx_hal_dfsdm.c:1963:19:HAL_DFSDM_FilterRegularStop_IT	4	static
stm32f7xx_hal_dfsdm.c:2001:19:HAL_DFSDM_FilterRegularStart_DMA	24	static
stm32f7xx_hal_dfsdm.c:2078:19:HAL_DFSDM_FilterRegularMsbStart_DMA	24	static
stm32f7xx_hal_dfsdm.c:2149:19:HAL_DFSDM_FilterRegularStop_DMA	8	static
stm32f7xx_hal_dfsdm.c:2188:9:HAL_DFSDM_FilterGetRegularValue	0	static
stm32f7xx_hal_dfsdm.c:2216:19:HAL_DFSDM_FilterInjectedStart	4	static
stm32f7xx_hal_dfsdm.c:2320:19:HAL_DFSDM_FilterInjectedStop	4	static
stm32f7xx_hal_dfsdm.c:2350:19:HAL_DFSDM_FilterInjectedStart_IT	4	static
stm32f7xx_hal_dfsdm.c:2381:19:HAL_DFSDM_FilterInjectedStop_IT	4	static
stm32f7xx_hal_dfsdm.c:2419:19:HAL_DFSDM_FilterInjectedStart_DMA	24	static
stm32f7xx_hal_dfsdm.c:2494:19:HAL_DFSDM_FilterInjectedMsbStart_DMA	24	static
stm32f7xx_hal_dfsdm.c:2563:19:HAL_DFSDM_FilterInjectedStop_DMA	16	static
stm32f7xx_hal_dfsdm.c:2602:9:HAL_DFSDM_FilterGetInjectedValue	0	static
stm32f7xx_hal_dfsdm.c:2629:19:HAL_DFSDM_FilterAwdStart_IT	16	static
stm32f7xx_hal_dfsdm.c:2678:19:HAL_DFSDM_FilterAwdStop_IT	4	static
stm32f7xx_hal_dfsdm.c:2718:19:HAL_DFSDM_FilterExdStart	4	static
stm32f7xx_hal_dfsdm.c:2749:19:HAL_DFSDM_FilterExdStop	8	static
stm32f7xx_hal_dfsdm.c:2787:9:HAL_DFSDM_FilterGetExdMaxValue	0	static
stm32f7xx_hal_dfsdm.c:2815:9:HAL_DFSDM_FilterGetExdMinValue	0	static
stm32f7xx_hal_dfsdm.c:2842:10:HAL_DFSDM_FilterGetConvTimeValue	0	static
stm32f7xx_hal_dfsdm.c:3054:13:HAL_DFSDM_FilterRegConvCpltCallback	0	static
stm32f7xx_hal_dfsdm.c:3222:13:DFSDM_DMARegularConvCplt	8	static
stm32f7xx_hal_dfsdm.c:3069:13:HAL_DFSDM_FilterRegConvHalfCpltCallback	0	static
stm32f7xx_hal_dfsdm.c:3204:13:DFSDM_DMARegularHalfConvCplt	8	static
stm32f7xx_hal_dfsdm.c:3086:13:HAL_DFSDM_FilterInjConvCpltCallback	0	static
stm32f7xx_hal_dfsdm.c:3258:13:DFSDM_DMAInjectedConvCplt	8	static
stm32f7xx_hal_dfsdm.c:3101:13:HAL_DFSDM_FilterInjConvHalfCpltCallback	0	static
stm32f7xx_hal_dfsdm.c:3240:13:DFSDM_DMAInjectedHalfConvCplt	8	static
stm32f7xx_hal_dfsdm.c:3118:13:HAL_DFSDM_FilterAwdCallback	0	static
stm32f7xx_hal_dfsdm.c:3136:13:HAL_DFSDM_FilterErrorCallback	0	static
stm32f7xx_hal_dfsdm.c:1837:19:HAL_DFSDM_FilterPollForRegConversion	16	static
stm32f7xx_hal_dfsdm.c:3276:13:DFSDM_DMAError	8	static
stm32f7xx_hal_dfsdm.c:2245:19:HAL_DFSDM_FilterPollForInjConversion	16	static
stm32f7xx_hal_dfsdm.c:2865:6:HAL_DFSDM_IRQHandler	16	static
stm32f7xx_hal_dfsdm.c:3169:31:HAL_DFSDM_FilterGetState	0	static
stm32f7xx_hal_dfsdm.c:3180:10:HAL_DFSDM_FilterGetError	0	static
