stm32f7xx_it.c:80:6:NMI_Handler	0	static
stm32f7xx_it.c:93:6:HardFault_Handler	8	static
stm32f7xx_it.c:109:6:MemManage_Handler	0	static
stm32f7xx_it.c:124:6:BusFault_Handler	0	static
stm32f7xx_it.c:139:6:UsageFault_Handler	0	static
stm32f7xx_it.c:154:6:SVC_Handler	0	static
stm32f7xx_it.c:167:6:DebugMon_Handler	0	static
stm32f7xx_it.c:180:6:PendSV_Handler	0	static
stm32f7xx_it.c:193:6:SysTick_Handler	0	static
stm32f7xx_it.c:214:6:DMA1_Stream1_IRQHandler	0	static
stm32f7xx_it.c:228:6:DMA1_Stream6_IRQHandler	0	static
stm32f7xx_it.c:242:6:CAN1_RX0_IRQHandler	0	static
stm32f7xx_it.c:256:6:TIM1_CC_IRQHandler	0	static
stm32f7xx_it.c:270:6:TIM3_IRQHandler	0	static
stm32f7xx_it.c:284:6:SPI2_IRQHandler	0	static
stm32f7xx_it.c:298:6:USART2_IRQHandler	0	static
stm32f7xx_it.c:313:6:DMA2_Stream0_IRQHandler	0	static
stm32f7xx_it.c:327:6:DMA2_Stream2_IRQHandler	0	static
