stm32f7xx_hal_msp.c:73:6:HAL_MspInit	8	static
stm32f7xx_hal_msp.c:95:6:HAL_ADC_MspInit	80	static
stm32f7xx_hal_msp.c:229:6:HAL_ADC_MspDeInit	8	static
stm32f7xx_hal_msp.c:308:6:HAL_CAN_MspInit	56	static
stm32f7xx_hal_msp.c:354:6:HAL_CAN_MspDeInit	8	static
stm32f7xx_hal_msp.c:388:6:HAL_DFSDM_FilterMspInit	48	static
stm32f7xx_hal_msp.c:445:6:HAL_DFSDM_ChannelMspInit	48	static
stm32f7xx_hal_msp.c:502:6:HAL_DFSDM_FilterMspDeInit	8	static
stm32f7xx_hal_msp.c:537:6:HAL_DFSDM_ChannelMspDeInit	8	static
stm32f7xx_hal_msp.c:572:6:HAL_SPI_MspInit	72	static
stm32f7xx_hal_msp.c:678:6:HAL_SPI_MspDeInit	8	static
stm32f7xx_hal_msp.c:734:6:HAL_TIM_Base_MspInit	16	static
stm32f7xx_hal_msp.c:767:6:HAL_TIM_MspPostInit	40	static
stm32f7xx_hal_msp.c:805:6:HAL_TIM_Base_MspDeInit	0	static
stm32f7xx_hal_msp.c:844:6:HAL_UART_MspInit	56	static
stm32f7xx_hal_msp.c:902:6:HAL_UART_MspDeInit	8	static
