Archive member included to satisfy reference by file (symbol)

c:/st/stm32cubeide_1.0.2/stm32cubeide/plugins/com.st.stm32cube.ide.mcu.externaltools.gnu-tools-for-stm32.7-2018-q2-update.win32_1.0.0.201904181610/tools/bin/../lib/gcc/arm-none-eabi/7.3.1/../../../../arm-none-eabi/lib/thumb/v7e-m/fpv5/hard\libc_nano.a(lib_a-errno.o)
                              Src/syscalls.o (__errno)
c:/st/stm32cubeide_1.0.2/stm32cubeide/plugins/com.st.stm32cube.ide.mcu.externaltools.gnu-tools-for-stm32.7-2018-q2-update.win32_1.0.0.201904181610/tools/bin/../lib/gcc/arm-none-eabi/7.3.1/../../../../arm-none-eabi/lib/thumb/v7e-m/fpv5/hard\libc_nano.a(lib_a-exit.o)
                              c:/st/stm32cubeide_1.0.2/stm32cubeide/plugins/com.st.stm32cube.ide.mcu.externaltools.gnu-tools-for-stm32.7-2018-q2-update.win32_1.0.0.201904181610/tools/bin/../lib/gcc/arm-none-eabi/7.3.1/../../../../arm-none-eabi/lib/thumb/v7e-m/fpv5/hard/crt0.o (exit)
c:/st/stm32cubeide_1.0.2/stm32cubeide/plugins/com.st.stm32cube.ide.mcu.externaltools.gnu-tools-for-stm32.7-2018-q2-update.win32_1.0.0.201904181610/tools/bin/../lib/gcc/arm-none-eabi/7.3.1/../../../../arm-none-eabi/lib/thumb/v7e-m/fpv5/hard\libc_nano.a(lib_a-impure.o)
                              c:/st/stm32cubeide_1.0.2/stm32cubeide/plugins/com.st.stm32cube.ide.mcu.externaltools.gnu-tools-for-stm32.7-2018-q2-update.win32_1.0.0.201904181610/tools/bin/../lib/gcc/arm-none-eabi/7.3.1/../../../../arm-none-eabi/lib/thumb/v7e-m/fpv5/hard\libc_nano.a(lib_a-exit.o) (_global_impure_ptr)
c:/st/stm32cubeide_1.0.2/stm32cubeide/plugins/com.st.stm32cube.ide.mcu.externaltools.gnu-tools-for-stm32.7-2018-q2-update.win32_1.0.0.201904181610/tools/bin/../lib/gcc/arm-none-eabi/7.3.1/../../../../arm-none-eabi/lib/thumb/v7e-m/fpv5/hard\libc_nano.a(lib_a-init.o)
                              c:/st/stm32cubeide_1.0.2/stm32cubeide/plugins/com.st.stm32cube.ide.mcu.externaltools.gnu-tools-for-stm32.7-2018-q2-update.win32_1.0.0.201904181610/tools/bin/../lib/gcc/arm-none-eabi/7.3.1/../../../../arm-none-eabi/lib/thumb/v7e-m/fpv5/hard/crt0.o (__libc_init_array)
c:/st/stm32cubeide_1.0.2/stm32cubeide/plugins/com.st.stm32cube.ide.mcu.externaltools.gnu-tools-for-stm32.7-2018-q2-update.win32_1.0.0.201904181610/tools/bin/../lib/gcc/arm-none-eabi/7.3.1/../../../../arm-none-eabi/lib/thumb/v7e-m/fpv5/hard\libc_nano.a(lib_a-memcpy-stub.o)
                              Src/modules/log.o (memcpy)
c:/st/stm32cubeide_1.0.2/stm32cubeide/plugins/com.st.stm32cube.ide.mcu.externaltools.gnu-tools-for-stm32.7-2018-q2-update.win32_1.0.0.201904181610/tools/bin/../lib/gcc/arm-none-eabi/7.3.1/../../../../arm-none-eabi/lib/thumb/v7e-m/fpv5/hard\libc_nano.a(lib_a-memset.o)
                              c:/st/stm32cubeide_1.0.2/stm32cubeide/plugins/com.st.stm32cube.ide.mcu.externaltools.gnu-tools-for-stm32.7-2018-q2-update.win32_1.0.0.201904181610/tools/bin/../lib/gcc/arm-none-eabi/7.3.1/../../../../arm-none-eabi/lib/thumb/v7e-m/fpv5/hard/crt0.o (memset)
c:/st/stm32cubeide_1.0.2/stm32cubeide/plugins/com.st.stm32cube.ide.mcu.externaltools.gnu-tools-for-stm32.7-2018-q2-update.win32_1.0.0.201904181610/tools/bin/../lib/gcc/arm-none-eabi/7.3.1/thumb/v7e-m/fpv5/hard\libgcc.a(_aeabi_ldivmod.o)
                              Drivers/STM32F7xx_HAL_Driver/Src/stm32f7xx_hal_rcc.o (__aeabi_ldivmod)
c:/st/stm32cubeide_1.0.2/stm32cubeide/plugins/com.st.stm32cube.ide.mcu.externaltools.gnu-tools-for-stm32.7-2018-q2-update.win32_1.0.0.201904181610/tools/bin/../lib/gcc/arm-none-eabi/7.3.1/thumb/v7e-m/fpv5/hard\libgcc.a(_aeabi_uldivmod.o)
                              Drivers/STM32F7xx_HAL_Driver/Src/stm32f7xx_hal_rcc.o (__aeabi_uldivmod)
c:/st/stm32cubeide_1.0.2/stm32cubeide/plugins/com.st.stm32cube.ide.mcu.externaltools.gnu-tools-for-stm32.7-2018-q2-update.win32_1.0.0.201904181610/tools/bin/../lib/gcc/arm-none-eabi/7.3.1/thumb/v7e-m/fpv5/hard\libgcc.a(_udivmoddi4.o)
                              c:/st/stm32cubeide_1.0.2/stm32cubeide/plugins/com.st.stm32cube.ide.mcu.externaltools.gnu-tools-for-stm32.7-2018-q2-update.win32_1.0.0.201904181610/tools/bin/../lib/gcc/arm-none-eabi/7.3.1/thumb/v7e-m/fpv5/hard\libgcc.a(_aeabi_ldivmod.o) (__udivmoddi4)
c:/st/stm32cubeide_1.0.2/stm32cubeide/plugins/com.st.stm32cube.ide.mcu.externaltools.gnu-tools-for-stm32.7-2018-q2-update.win32_1.0.0.201904181610/tools/bin/../lib/gcc/arm-none-eabi/7.3.1/thumb/v7e-m/fpv5/hard\libgcc.a(_dvmd_tls.o)
                              c:/st/stm32cubeide_1.0.2/stm32cubeide/plugins/com.st.stm32cube.ide.mcu.externaltools.gnu-tools-for-stm32.7-2018-q2-update.win32_1.0.0.201904181610/tools/bin/../lib/gcc/arm-none-eabi/7.3.1/thumb/v7e-m/fpv5/hard\libgcc.a(_aeabi_ldivmod.o) (__aeabi_ldiv0)

Allocating common symbols
Common symbol       size              file

sFilterConfig       0x28              Src/modules/can.o
hdfsdm1_channel1    0x38              Src/main.o
data_id             0x1               Src/modules/can.o
hspi2               0x64              Src/main.o
[...]
Memory Configuration

Name             Origin             Length             Attributes
RAM              0x0000000020000000 0x0000000000080000 xrw
FLASH            0x0000000008000000 0x0000000000100000 xr
*default*        0x0000000000000000 0xffffffffffffffff

Linker script and memory map

LOAD c:/st/stm32cubeide_1.0.2/stm32cubeide/plugins/com.st.stm32cube.ide.mcu.externaltools.gnu-tools-for-stm32.7-2018-q2-update.win32_1.0.0.201904181610/tools/bin/../lib/gcc/arm-none-eabi/7.3.1/thumb/v7e-m/fpv5/hard/crti.o
LOAD c:/st/stm32cubeide_1.0.2/stm32cubeide/plugins/com.st.stm32cube.ide.mcu.externaltools.gnu-tools-for-stm32.7-2018-q2-update.win32_1.0.0.201904181610/tools/bin/../lib/gcc/arm-none-eabi/7.3.1/thumb/v7e-m/fpv5/hard/crtbegin.o
LOAD c:/st/stm32cubeide_1.0.2/stm32cubeide/plugins/com.st.stm32cube.ide.mcu.externaltools.gnu-tools-for-stm32.7-2018-q2-update.win32_1.0.0.201904181610/tools/bin/../lib/gcc/arm-none-eabi/7.3.1/../../../../arm-none-eabi/lib/thumb/v7e-m/fpv5/hard/crt0.o
LOAD Drivers/STM32F7xx_HAL_Driver/Src/stm32f7xx_hal.o
LOAD Drivers/STM32F7xx_HAL_Driver/Src/stm32f7xx_hal_adc.o
LOAD Drivers/STM32F7xx_HAL_Driver/Src/stm32f7xx_hal_adc_ex.o
LOAD Drivers/STM32F7xx_HAL_Driver/Src/stm32f7xx_hal_can.o
LOAD Drivers/STM32F7xx_HAL_Driver/Src/stm32f7xx_hal_cortex.o
LOAD Drivers/STM32F7xx_HAL_Driver/Src/stm32f7xx_hal_dfsdm.o
LOAD Drivers/STM32F7xx_HAL_Driver/Src/stm32f7xx_hal_dma.o
LOAD Drivers/STM32F7xx_HAL_Driver/Src/stm32f7xx_hal_dma_ex.o
LOAD Drivers/STM32F7xx_HAL_Driver/Src/stm32f7xx_hal_exti.o
LOAD Drivers/STM32F7xx_HAL_Driver/Src/stm32f7xx_hal_flash.o
LOAD Drivers/STM32F7xx_HAL_Driver/Src/stm32f7xx_hal_flash_ex.o
LOAD Drivers/STM32F7xx_HAL_Driver/Src/stm32f7xx_hal_gpio.o
LOAD Drivers/STM32F7xx_HAL_Driver/Src/stm32f7xx_hal_i2c.o
LOAD Drivers/STM32F7xx_HAL_Driver/Src/stm32f7xx_hal_i2c_ex.o
LOAD Drivers/STM32F7xx_HAL_Driver/Src/stm32f7xx_hal_iwdg.o
LOAD Drivers/STM32F7xx_HAL_Driver/Src/stm32f7xx_hal_pwr.o
LOAD Drivers/STM32F7xx_HAL_Driver/Src/stm32f7xx_hal_pwr_ex.o
LOAD Drivers/STM32F7xx_HAL_Driver/Src/stm32f7xx_hal_rcc.o
LOAD Drivers/STM32F7xx_HAL_Driver/Src/stm32f7xx_hal_rcc_ex.o
LOAD Drivers/STM32F7xx_HAL_Driver/Src/stm32f7xx_hal_spi.o
LOAD Drivers/STM32F7xx_HAL_Driver/Src/stm32f7xx_hal_spi_ex.o
LOAD Drivers/STM32F7xx_HAL_Driver/Src/stm32f7xx_hal_tim.o
LOAD Drivers/STM32F7xx_HAL_Driver/Src/stm32f7xx_hal_tim_ex.o
LOAD Drivers/STM32F7xx_HAL_Driver/Src/stm32f7xx_hal_uart.o
LOAD Drivers/STM32F7xx_HAL_Driver/Src/stm32f7xx_hal_uart_ex.o
LOAD Src/control/PWM.o
LOAD Src/control/control.o
LOAD Src/control/inner.o
LOAD Src/control/lookupTables.o
LOAD Src/control/math_fcns.o
LOAD Src/control/outer.o
LOAD Src/control/torque.o
LOAD Src/main.o
LOAD Src/simulink_data.o
LOAD Src/stm32f7xx_hal_msp.o
LOAD Src/stm32f7xx_it.o
LOAD Src/syscalls.o
LOAD Src/sysmem.o
LOAD Src/system_stm32f7xx.o
LOAD Src/modules/_data.o
LOAD Src/modules/adc.o
LOAD Src/modules/can.o
LOAD Src/modules/log.o
LOAD Src/modules/serial.o
LOAD Src/sensors/HCPL7510.o
LOAD Src/sensors/HO250S.o
LOAD Src/sensors/PGA411.o
LOAD Src/sensors/amc1106.o
LOAD Src/sensors/battery.o
LOAD Src/sensors/thermistor.o
LOAD Src/utils/flash.o
LOAD Startup/startup_stm32f767zgtx.o
START GROUP
LOAD c:/st/stm32cubeide_1.0.2/stm32cubeide/plugins/com.st.stm32cube.ide.mcu.externaltools.gnu-tools-for-stm32.7-2018-q2-update.win32_1.0.0.201904181610/tools/bin/../lib/gcc/arm-none-eabi/7.3.1/../../../../arm-none-eabi/lib/thumb/v7e-m/fpv5/hard\libc_nano.a
LOAD c:/st/stm32cubeide_1.0.2/stm32cubeide/plugins/com.st.stm32cube.ide.mcu.externaltools.gnu-tools-for-stm32.7-2018-q2-update.win32_1.0.0.201904181610/tools/bin/../lib/gcc/arm-none-eabi/7.3.1/../../../../arm-none-eabi/lib/thumb/v7e-m/fpv5/hard\libm.a
END GROUP
START GROUP
LOAD c:/st/stm32cubeide_1.0.2/stm32cubeide/plugins/com.st.stm32cube.ide.mcu.externaltools.gnu-tools-for-stm32.7-2018-q2-update.win32_1.0.0.201904181610/tools/bin/../lib/gcc/arm-none-eabi/7.3.1/thumb/v7e-m/fpv5/hard\libgcc.a
LOAD c:/st/stm32cubeide_1.0.2/stm32cubeide/plugins/com.st.stm32cube.ide.mcu.externaltools.gnu-tools-for-stm32.7-2018-q2-update.win32_1.0.0.201904181610/tools/bin/../lib/gcc/arm-none-eabi/7.3.1/../../../../arm-none-eabi/lib/thumb/v7e-m/fpv5/hard\libc_nano.a
END GROUP
START GROUP
LOAD c:/st/stm32cubeide_1.0.2/stm32cubeide/plugins/com.st.stm32cube.ide.mcu.externaltools.gnu-tools-for-stm32.7-2018-q2-update.win32_1.0.0.201904181610/tools/bin/../lib/gcc/arm-none-eabi/7.3.1/thumb/v7e-m/fpv5/hard\libgcc.a
LOAD c:/st/stm32cubeide_1.0.2/stm32cubeide/plugins/com.st.stm32cube.ide.mcu.externaltools.gnu-tools-for-stm32.7-2018-q2-update.win32_1.0.0.201904181610/tools/bin/../lib/gcc/arm-none-eabi/7.3.1/../../../../arm-none-eabi/lib/thumb/v7e-m/fpv5/hard\libc_nano.a
LOAD c:/st/stm32cubeide_1.0.2/stm32cubeide/plugins/com.st.stm32cube.ide.mcu.externaltools.gnu-tools-for-stm32.7-2018-q2-update.win32_1.0.0.201904181610/tools/bin/../lib/gcc/arm-none-eabi/7.3.1/../../../../arm-none-eabi/lib/thumb/v7e-m/fpv5/hard\libnosys.a
END GROUP
START GROUP
LOAD c:/st/stm32cubeide_1.0.2/stm32cubeide/plugins/com.st.stm32cube.ide.mcu.externaltools.gnu-tools-for-stm32.7-2018-q2-update.win32_1.0.0.201904181610/tools/bin/../lib/gcc/arm-none-eabi/7.3.1/thumb/v7e-m/fpv5/hard\libgcc.a
LOAD c:/st/stm32cubeide_1.0.2/stm32cubeide/plugins/com.st.stm32cube.ide.mcu.externaltools.gnu-tools-for-stm32.7-2018-q2-update.win32_1.0.0.201904181610/tools/bin/../lib/gcc/arm-none-eabi/7.3.1/../../../../arm-none-eabi/lib/thumb/v7e-m/fpv5/hard\libc_nano.a
LOAD c:/st/stm32cubeide_1.0.2/stm32cubeide/plugins/com.st.stm32cube.ide.mcu.externaltools.gnu-tools-for-stm32.7-2018-q2-update.win32_1.0.0.201904181610/tools/bin/../lib/gcc/arm-none-eabi/7.3.1/../../../../arm-none-eabi/lib/thumb/v7e-m/fpv5/hard\libnosys.a
END GROUP
LOAD c:/st/stm32cubeide_1.0.2/stm32cubeide/plugins/com.st.stm32cube.ide.mcu.externaltools.gnu-tools-for-stm32.7-2018-q2-update.win32_1.0.0.201904181610/tools/bin/../lib/gcc/arm-none-eabi/7.3.1/thumb/v7e-m/fpv5/hard/crtend.o
LOAD c:/st/stm32cubeide_1.0.2/stm32cubeide/plugins/com.st.stm32cube.ide.mcu.externaltools.gnu-tools-for-stm32.7-2018-q2-update.win32_1.0.0.201904181610/tools/bin/../lib/gcc/arm-none-eabi/7.3.1/thumb/v7e-m/fpv5/hard/crtn.o
                0x0000000020080000                _estack = (ORIGIN (RAM) + LENGTH (RAM))
                0x0000000000000200                _Min_Heap_Size = 0x200
                0x0000000000000400                _Min_Stack_Size = 0x400

.isr_vector     0x0000000008000000      0x1f8
                0x0000000008000000                . = ALIGN (0x4)
 *(.isr_vector)
 .isr_vector    0x0000000008000000      0x1f8 Startup/startup_stm32f767zgtx.o
                0x0000000008000000                g_pfnVectors
                0x00000000080001f8                . = ALIGN (0x4)

.text           0x00000000080001f8     0x9748
                0x00000000080001f8                . = ALIGN (0x4)
 *(.text)
 .text          0x00000000080001f8       0x40 c:/st/stm32cubeide_1.0.2/stm32cubeide/plugins/com.st.stm32cube.ide.mcu.externaltools.gnu-tools-for-stm32.7-2018-q2-update.win32_1.0.0.201904181610/tools/bin/../lib/gcc/arm-none-eabi/7.3.1/thumb/v7e-m/fpv5/hard/crtbegin.o
 .text          0x0000000008000238       0x30 c:/st/stm32cubeide_1.0.2/stm32cubeide/plugins/com.st.stm32cube.ide.mcu.externaltools.gnu-tools-for-stm32.7-2018-q2-update.win32_1.0.0.201904181610/tools/bin/../lib/gcc/arm-none-eabi/7.3.1/thumb/v7e-m/fpv5/hard\libgcc.a(_aeabi_uldivmod.o)
                0x0000000008000238                __aeabi_uldivmod
 .text          0x0000000008000268      0x2cc c:/st/stm32cubeide_1.0.2/stm32cubeide/plugins/com.st.stm32cube.ide.mcu.externaltools.gnu-tools-for-stm32.7-2018-q2-update.win32_1.0.0.201904181610/tools/bin/../lib/gcc/arm-none-eabi/7.3.1/thumb/v7e-m/fpv5/hard\libgcc.a(_udivmoddi4.o)
                0x0000000008000268                __udivmoddi4
 .text          0x0000000008000534        0x4 c:/st/stm32cubeide_1.0.2/stm32cubeide/plugins/com.st.stm32cube.ide.mcu.externaltools.gnu-tools-for-stm32.7-2018-q2-update.win32_1.0.0.201904181610/tools/bin/../lib/gcc/arm-none-eabi/7.3.1/thumb/v7e-m/fpv5/hard\libgcc.a(_dvmd_tls.o)
                0x0000000008000534                __aeabi_idiv0
                0x0000000008000534                __aeabi_ldiv0
 *(.text*)
 .text.HAL_InitTick
                0x0000000008000538       0x48 Drivers/STM32F7xx_HAL_Driver/Src/stm32f7xx_hal.o
                0x0000000008000538                HAL_InitTick
 .text.HAL_Init
                0x0000000008000580       0x18 Drivers/STM32F7xx_HAL_Driver/Src/stm32f7xx_hal.o
                0x0000000008000580                HAL_Init
 .text.HAL_IncTick
                0x0000000008000598       0x18 Drivers/STM32F7xx_HAL_Driver/Src/stm32f7xx_hal.o
                0x0000000008000598                HAL_IncTick
 .text.HAL_GetTick
                0x00000000080005b0        0xc Drivers/STM32F7xx_HAL_Driver/Src/stm32f7xx_hal.o
                0x00000000080005b0                HAL_GetTick
 .text.HAL_Delay
                0x00000000080005bc       0x24 Drivers/STM32F7xx_HAL_Driver/Src/stm32f7xx_hal.o
                0x00000000080005bc                HAL_Delay
 .text.HAL_ADC_Init
                0x00000000080005e0      0x16c Drivers/STM32F7xx_HAL_Driver/Src/stm32f7xx_hal_adc.o
                0x00000000080005e0                HAL_ADC_Init
 .text.HAL_ADC_Start
                0x000000000800074c      0x114 Drivers/STM32F7xx_HAL_Driver/Src/stm32f7xx_hal_adc.o
                0x000000000800074c                HAL_ADC_Start
 .text.HAL_ADC_PollForConversion
                0x0000000008000860       0xa4 Drivers/STM32F7xx_HAL_Driver/Src/stm32f7xx_hal_adc.o
                0x0000000008000860                HAL_ADC_PollForConversion
 .text.HAL_ADC_GetValue
                0x0000000008000904        0x8 Drivers/STM32F7xx_HAL_Driver/Src/stm32f7xx_hal_adc.o
                0x0000000008000904                HAL_ADC_GetValue
 .text.HAL_ADC_ConfigChannel
                0x000000000800090c      0x168 Drivers/STM32F7xx_HAL_Driver/Src/stm32f7xx_hal_adc.o
                0x000000000800090c                HAL_ADC_ConfigChannel
 .text.HAL_ADCEx_InjectedConfigChannel
                0x0000000008000a74      0x1b8 Drivers/STM32F7xx_HAL_Driver/Src/stm32f7xx_hal_adc_ex.o
                0x0000000008000a74                HAL_ADCEx_InjectedConfigChannel
 .text.HAL_CAN_Init
                0x0000000008000c2c      0x104 Drivers/STM32F7xx_HAL_Driver/Src/stm32f7xx_hal_can.o
                0x0000000008000c2c                HAL_CAN_Init
 .text.HAL_CAN_ConfigFilter
                0x0000000008000d30      0x130 Drivers/STM32F7xx_HAL_Driver/Src/stm32f7xx_hal_can.o
                0x0000000008000d30                HAL_CAN_ConfigFilter
 .text.HAL_CAN_Start
                0x0000000008000e60       0x60 Drivers/STM32F7xx_HAL_Driver/Src/stm32f7xx_hal_can.o
                0x0000000008000e60                HAL_CAN_Start
 .text.HAL_CAN_GetRxMessage
                0x0000000008000ec0      0x100 Drivers/STM32F7xx_HAL_Driver/Src/stm32f7xx_hal_can.o
                0x0000000008000ec0                HAL_CAN_GetRxMessage
 .text.HAL_CAN_GetRxFifoFillLevel
                0x0000000008000fc0       0x24 Drivers/STM32F7xx_HAL_Driver/Src/stm32f7xx_hal_can.o
                0x0000000008000fc0                HAL_CAN_GetRxFifoFillLevel
 .text.HAL_CAN_TxMailbox0CompleteCallback
                0x0000000008000fe4        0x4 Drivers/STM32F7xx_HAL_Driver/Src/stm32f7xx_hal_can.o
                0x0000000008000fe4                HAL_CAN_TxMailbox0CompleteCallback
 .text.HAL_CAN_TxMailbox1CompleteCallback
                0x0000000008000fe8        0x4 Drivers/STM32F7xx_HAL_Driver/Src/stm32f7xx_hal_can.o
                0x0000000008000fe8                HAL_CAN_TxMailbox1CompleteCallback
 .text.HAL_CAN_TxMailbox2CompleteCallback
                0x0000000008000fec        0x4 Drivers/STM32F7xx_HAL_Driver/Src/stm32f7xx_hal_can.o
                0x0000000008000fec                HAL_CAN_TxMailbox2CompleteCallback
 .text.HAL_CAN_TxMailbox0AbortCallback
                0x0000000008000ff0        0x4 Drivers/STM32F7xx_HAL_Driver/Src/stm32f7xx_hal_can.o
                0x0000000008000ff0                HAL_CAN_TxMailbox0AbortCallback
 .text.HAL_CAN_TxMailbox1AbortCallback
                0x0000000008000ff4        0x4 Drivers/STM32F7xx_HAL_Driver/Src/stm32f7xx_hal_can.o
                0x0000000008000ff4                HAL_CAN_TxMailbox1AbortCallback
 .text.HAL_CAN_TxMailbox2AbortCallback
                0x0000000008000ff8        0x4 Drivers/STM32F7xx_HAL_Driver/Src/stm32f7xx_hal_can.o
                0x0000000008000ff8                HAL_CAN_TxMailbox2AbortCallback
 .text.HAL_CAN_RxFifo0MsgPendingCallback
                0x0000000008000ffc        0x4 Drivers/STM32F7xx_HAL_Driver/Src/stm32f7xx_hal_can.o
                0x0000000008000ffc                HAL_CAN_RxFifo0MsgPendingCallback
 .text.HAL_CAN_RxFifo0FullCallback
                0x0000000008001000        0x4 Drivers/STM32F7xx_HAL_Driver/Src/stm32f7xx_hal_can.o
                0x0000000008001000                HAL_CAN_RxFifo0FullCallback
 .text.HAL_CAN_RxFifo1MsgPendingCallback
                0x0000000008001004        0x4 Drivers/STM32F7xx_HAL_Driver/Src/stm32f7xx_hal_can.o
                0x0000000008001004                HAL_CAN_RxFifo1MsgPendingCallback
 .text.HAL_CAN_RxFifo1FullCallback
                0x0000000008001008        0x4 Drivers/STM32F7xx_HAL_Driver/Src/stm32f7xx_hal_can.o
                0x0000000008001008                HAL_CAN_RxFifo1FullCallback
 .text.HAL_CAN_SleepCallback
                0x000000000800100c        0x4 Drivers/STM32F7xx_HAL_Driver/Src/stm32f7xx_hal_can.o
                0x000000000800100c                HAL_CAN_SleepCallback
 .text.HAL_CAN_WakeUpFromRxMsgCallback
                0x0000000008001010        0x4 Drivers/STM32F7xx_HAL_Driver/Src/stm32f7xx_hal_can.o
                0x0000000008001010                HAL_CAN_WakeUpFromRxMsgCallback
 .text.HAL_CAN_ErrorCallback
                0x0000000008001014        0x4 Drivers/STM32F7xx_HAL_Driver/Src/stm32f7xx_hal_can.o
                0x0000000008001014                HAL_CAN_ErrorCallback
 .text.HAL_CAN_IRQHandler
                0x0000000008001018      0x250 Drivers/STM32F7xx_HAL_Driver/Src/stm32f7xx_hal_can.o
                0x0000000008001018                HAL_CAN_IRQHandler
 .text.HAL_NVIC_SetPriorityGrouping
                0x0000000008001268       0x28 Drivers/STM32F7xx_HAL_Driver/Src/stm32f7xx_hal_cortex.o
                0x0000000008001268                HAL_NVIC_SetPriorityGrouping
 .text.HAL_NVIC_SetPriority
                0x0000000008001290       0x6c Drivers/STM32F7xx_HAL_Driver/Src/stm32f7xx_hal_cortex.o
                0x0000000008001290                HAL_NVIC_SetPriority
 .text.HAL_NVIC_EnableIRQ
                0x00000000080012fc       0x1c Drivers/STM32F7xx_HAL_Driver/Src/stm32f7xx_hal_cortex.o
                0x00000000080012fc                HAL_NVIC_EnableIRQ
 .text.HAL_SYSTICK_Config
                0x0000000008001318       0x30 Drivers/STM32F7xx_HAL_Driver/Src/stm32f7xx_hal_cortex.o
                0x0000000008001318                HAL_SYSTICK_Config
 .text.HAL_DFSDM_ChannelInit
                0x0000000008001348      0x1a4 Drivers/STM32F7xx_HAL_Driver/Src/stm32f7xx_hal_dfsdm.o
                0x0000000008001348                HAL_DFSDM_ChannelInit
 .text.HAL_DFSDM_FilterInit
                0x00000000080014ec       0xec Drivers/STM32F7xx_HAL_Driver/Src/stm32f7xx_hal_dfsdm.o
                0x00000000080014ec                HAL_DFSDM_FilterInit
 .text.HAL_DFSDM_FilterConfigRegChannel
                0x00000000080015d8       0x3c Drivers/STM32F7xx_HAL_Driver/Src/stm32f7xx_hal_dfsdm.o
                0x00000000080015d8                HAL_DFSDM_FilterConfigRegChannel
 .text.HAL_DFSDM_FilterRegularStart
                0x0000000008001614       0x74 Drivers/STM32F7xx_HAL_Driver/Src/stm32f7xx_hal_dfsdm.o
                0x0000000008001614                HAL_DFSDM_FilterRegularStart
 .text.HAL_DFSDM_FilterGetRegularValue
                0x0000000008001688       0x10 Drivers/STM32F7xx_HAL_Driver/Src/stm32f7xx_hal_dfsdm.o
                0x0000000008001688                HAL_DFSDM_FilterGetRegularValue
 .text.HAL_DFSDM_FilterErrorCallback
                0x0000000008001698        0x4 Drivers/STM32F7xx_HAL_Driver/Src/stm32f7xx_hal_dfsdm.o
                0x0000000008001698                HAL_DFSDM_FilterErrorCallback
 .text.HAL_DFSDM_FilterPollForRegConversion
                0x000000000800169c       0x78 Drivers/STM32F7xx_HAL_Driver/Src/stm32f7xx_hal_dfsdm.o
                0x000000000800169c                HAL_DFSDM_FilterPollForRegConversion
 .text.HAL_DMA_Init
                0x0000000008001714      0x138 Drivers/STM32F7xx_HAL_Driver/Src/stm32f7xx_hal_dma.o
                0x0000000008001714                HAL_DMA_Init
 .text.HAL_DMA_Start_IT
                0x000000000800184c       0x8c Drivers/STM32F7xx_HAL_Driver/Src/stm32f7xx_hal_dma.o
                0x000000000800184c                HAL_DMA_Start_IT
 .text.HAL_DMA_Abort_IT
                0x00000000080018d8       0x28 Drivers/STM32F7xx_HAL_Driver/Src/stm32f7xx_hal_dma.o
                0x00000000080018d8                HAL_DMA_Abort_IT
 .text.HAL_DMA_IRQHandler
                0x0000000008001900      0x1ac Drivers/STM32F7xx_HAL_Driver/Src/stm32f7xx_hal_dma.o
                0x0000000008001900                HAL_DMA_IRQHandler
 .text.HAL_FLASH_Program
                0x0000000008001aac      0x204 Drivers/STM32F7xx_HAL_Driver/Src/stm32f7xx_hal_flash.o
                0x0000000008001aac                HAL_FLASH_Program
 .text.HAL_FLASH_Unlock
                0x0000000008001cb0       0x28 Drivers/STM32F7xx_HAL_Driver/Src/stm32f7xx_hal_flash.o
                0x0000000008001cb0                HAL_FLASH_Unlock
 .text.HAL_FLASH_Lock
                0x0000000008001cd8       0x14 Drivers/STM32F7xx_HAL_Driver/Src/stm32f7xx_hal_flash.o
                0x0000000008001cd8                HAL_FLASH_Lock
 .text.FLASH_WaitForLastOperation
                0x0000000008001cec       0xb0 Drivers/STM32F7xx_HAL_Driver/Src/stm32f7xx_hal_flash.o
                0x0000000008001cec                FLASH_WaitForLastOperation
 .text.HAL_FLASHEx_Erase
                0x0000000008001d9c      0x138 Drivers/STM32F7xx_HAL_Driver/Src/stm32f7xx_hal_flash_ex.o
                0x0000000008001d9c                HAL_FLASHEx_Erase
 .text.HAL_GPIO_Init
                0x0000000008001ed4      0x23c Drivers/STM32F7xx_HAL_Driver/Src/stm32f7xx_hal_gpio.o
                0x0000000008001ed4                HAL_GPIO_Init
 .text.HAL_GPIO_ReadPin
                0x0000000008002110        0xc Drivers/STM32F7xx_HAL_Driver/Src/stm32f7xx_hal_gpio.o
                0x0000000008002110                HAL_GPIO_ReadPin
 .text.HAL_GPIO_WritePin
                0x000000000800211c        0x8 Drivers/STM32F7xx_HAL_Driver/Src/stm32f7xx_hal_gpio.o
                0x000000000800211c                HAL_GPIO_WritePin
 .text.HAL_IWDG_Init
                0x0000000008002124       0x54 Drivers/STM32F7xx_HAL_Driver/Src/stm32f7xx_hal_iwdg.o
                0x0000000008002124                HAL_IWDG_Init
 .text.HAL_IWDG_Refresh
                0x0000000008002178        0xc Drivers/STM32F7xx_HAL_Driver/Src/stm32f7xx_hal_iwdg.o
                0x0000000008002178                HAL_IWDG_Refresh
 .text.HAL_PWREx_EnableOverDrive
                0x0000000008002184       0x78 Drivers/STM32F7xx_HAL_Driver/Src/stm32f7xx_hal_pwr_ex.o
                0x0000000008002184                HAL_PWREx_EnableOverDrive
 .text.HAL_RCC_OscConfig
                0x00000000080021fc      0x39c Drivers/STM32F7xx_HAL_Driver/Src/stm32f7xx_hal_rcc.o
                0x00000000080021fc                HAL_RCC_OscConfig
 .text.HAL_RCC_ClockConfig
                0x0000000008002598      0x194 Drivers/STM32F7xx_HAL_Driver/Src/stm32f7xx_hal_rcc.o
                0x0000000008002598                HAL_RCC_ClockConfig
 .text.HAL_RCC_GetSysClockFreq
                0x000000000800272c       0x68 Drivers/STM32F7xx_HAL_Driver/Src/stm32f7xx_hal_rcc.o
                0x000000000800272c                HAL_RCC_GetSysClockFreq
 .text.HAL_RCC_GetPCLK1Freq
                0x0000000008002794       0x20 Drivers/STM32F7xx_HAL_Driver/Src/stm32f7xx_hal_rcc.o
                0x0000000008002794                HAL_RCC_GetPCLK1Freq
 .text.HAL_RCC_GetPCLK2Freq
                0x00000000080027b4       0x20 Drivers/STM32F7xx_HAL_Driver/Src/stm32f7xx_hal_rcc.o
                0x00000000080027b4                HAL_RCC_GetPCLK2Freq
 .text.HAL_RCCEx_PeriphCLKConfig
                0x00000000080027d4      0x588 Drivers/STM32F7xx_HAL_Driver/Src/stm32f7xx_hal_rcc_ex.o
                0x00000000080027d4                HAL_RCCEx_PeriphCLKConfig
 .text.SPI_EndRxTxTransaction
                0x0000000008002d5c       0xc8 Drivers/STM32F7xx_HAL_Driver/Src/stm32f7xx_hal_spi.o
 .text.HAL_SPI_Init
                0x0000000008002e24       0xc4 Drivers/STM32F7xx_HAL_Driver/Src/stm32f7xx_hal_spi.o
                0x0000000008002e24                HAL_SPI_Init
 .text.HAL_SPI_Transmit
                0x0000000008002ee8      0x234 Drivers/STM32F7xx_HAL_Driver/Src/stm32f7xx_hal_spi.o
                0x0000000008002ee8                HAL_SPI_Transmit
 .text.HAL_SPI_TransmitReceive
                0x000000000800311c      0x260 Drivers/STM32F7xx_HAL_Driver/Src/stm32f7xx_hal_spi.o
                0x000000000800311c                HAL_SPI_TransmitReceive
 .text.HAL_SPI_ErrorCallback
                0x000000000800337c        0x4 Drivers/STM32F7xx_HAL_Driver/Src/stm32f7xx_hal_spi.o
                0x000000000800337c                HAL_SPI_ErrorCallback
 .text.HAL_SPI_IRQHandler
                0x0000000008003380      0x140 Drivers/STM32F7xx_HAL_Driver/Src/stm32f7xx_hal_spi.o
                0x0000000008003380                HAL_SPI_IRQHandler
 .text.SPI_DMAAbortOnError
                0x00000000080034c0       0x14 Drivers/STM32F7xx_HAL_Driver/Src/stm32f7xx_hal_spi.o
 .text.HAL_TIM_Base_Init
                0x00000000080034d4      0x108 Drivers/STM32F7xx_HAL_Driver/Src/stm32f7xx_hal_tim.o
                0x00000000080034d4                HAL_TIM_Base_Init
 .text.HAL_TIM_Base_Start
                0x00000000080035dc       0x30 Drivers/STM32F7xx_HAL_Driver/Src/stm32f7xx_hal_tim.o
                0x00000000080035dc                HAL_TIM_Base_Start
 .text.HAL_TIM_Base_Stop
                0x000000000800360c       0x30 Drivers/STM32F7xx_HAL_Driver/Src/stm32f7xx_hal_tim.o
                0x000000000800360c                HAL_TIM_Base_Stop
 .text.HAL_TIM_Base_Start_IT
                0x000000000800363c       0x2c Drivers/STM32F7xx_HAL_Driver/Src/stm32f7xx_hal_tim.o
                0x000000000800363c                HAL_TIM_Base_Start_IT
 .text.HAL_TIM_Base_Stop_IT
                0x0000000008003668       0x2c Drivers/STM32F7xx_HAL_Driver/Src/stm32f7xx_hal_tim.o
                0x0000000008003668                HAL_TIM_Base_Stop_IT
 .text.HAL_TIM_PWM_MspInit
                0x0000000008003694        0x4 Drivers/STM32F7xx_HAL_Driver/Src/stm32f7xx_hal_tim.o
                0x0000000008003694                HAL_TIM_PWM_MspInit
 .text.HAL_TIM_PWM_Init
                0x0000000008003698      0x108 Drivers/STM32F7xx_HAL_Driver/Src/stm32f7xx_hal_tim.o
                0x0000000008003698                HAL_TIM_PWM_Init
 .text.HAL_TIM_PWM_Start
                0x00000000080037a0       0x60 Drivers/STM32F7xx_HAL_Driver/Src/stm32f7xx_hal_tim.o
                0x00000000080037a0                HAL_TIM_PWM_Start
 .text.HAL_TIM_PWM_Stop
                0x0000000008003800       0x78 Drivers/STM32F7xx_HAL_Driver/Src/stm32f7xx_hal_tim.o
                0x0000000008003800                HAL_TIM_PWM_Stop
 .text.HAL_TIM_PWM_ConfigChannel
                0x0000000008003878      0x31c Drivers/STM32F7xx_HAL_Driver/Src/stm32f7xx_hal_tim.o
                0x0000000008003878                HAL_TIM_PWM_ConfigChannel
 .text.HAL_TIM_ConfigClockSource
                0x0000000008003b94      0x150 Drivers/STM32F7xx_HAL_Driver/Src/stm32f7xx_hal_tim.o
                0x0000000008003b94                HAL_TIM_ConfigClockSource
 .text.HAL_TIM_OC_DelayElapsedCallback
                0x0000000008003ce4        0x4 Drivers/STM32F7xx_HAL_Driver/Src/stm32f7xx_hal_tim.o
                0x0000000008003ce4                HAL_TIM_OC_DelayElapsedCallback
 .text.HAL_TIM_IC_CaptureCallback
                0x0000000008003ce8        0x4 Drivers/STM32F7xx_HAL_Driver/Src/stm32f7xx_hal_tim.o
                0x0000000008003ce8                HAL_TIM_IC_CaptureCallback
 .text.HAL_TIM_PWM_PulseFinishedCallback
                0x0000000008003cec        0x4 Drivers/STM32F7xx_HAL_Driver/Src/stm32f7xx_hal_tim.o
                0x0000000008003cec                HAL_TIM_PWM_PulseFinishedCallback
 .text.HAL_TIM_TriggerCallback
                0x0000000008003cf0        0x4 Drivers/STM32F7xx_HAL_Driver/Src/stm32f7xx_hal_tim.o
                0x0000000008003cf0                HAL_TIM_TriggerCallback
 .text.HAL_TIM_IRQHandler
                0x0000000008003cf4      0x170 Drivers/STM32F7xx_HAL_Driver/Src/stm32f7xx_hal_tim.o
                0x0000000008003cf4                HAL_TIM_IRQHandler
 .text.HAL_TIMEx_PWMN_Start
                0x0000000008003e64       0x48 Drivers/STM32F7xx_HAL_Driver/Src/stm32f7xx_hal_tim_ex.o
                0x0000000008003e64                HAL_TIMEx_PWMN_Start
 .text.HAL_TIMEx_PWMN_Stop
                0x0000000008003eac       0x5c Drivers/STM32F7xx_HAL_Driver/Src/stm32f7xx_hal_tim_ex.o
                0x0000000008003eac                HAL_TIMEx_PWMN_Stop
 .text.HAL_TIMEx_MasterConfigSynchronization
                0x0000000008003f08       0x60 Drivers/STM32F7xx_HAL_Driver/Src/stm32f7xx_hal_tim_ex.o
                0x0000000008003f08                HAL_TIMEx_MasterConfigSynchronization
 .text.HAL_TIMEx_ConfigBreakDeadTime
                0x0000000008003f68       0x90 Drivers/STM32F7xx_HAL_Driver/Src/stm32f7xx_hal_tim_ex.o
                0x0000000008003f68                HAL_TIMEx_ConfigBreakDeadTime
 .text.HAL_TIMEx_CommutCallback
                0x0000000008003ff8        0x4 Drivers/STM32F7xx_HAL_Driver/Src/stm32f7xx_hal_tim_ex.o
                0x0000000008003ff8                HAL_TIMEx_CommutCallback
 .text.HAL_TIMEx_BreakCallback
                0x0000000008003ffc        0x4 Drivers/STM32F7xx_HAL_Driver/Src/stm32f7xx_hal_tim_ex.o
                0x0000000008003ffc                HAL_TIMEx_BreakCallback
 .text.HAL_TIMEx_Break2Callback
                0x0000000008004000        0x4 Drivers/STM32F7xx_HAL_Driver/Src/stm32f7xx_hal_tim_ex.o
                0x0000000008004000                HAL_TIMEx_Break2Callback
 .text.HAL_UART_Transmit
                0x0000000008004004      0x118 Drivers/STM32F7xx_HAL_Driver/Src/stm32f7xx_hal_uart.o
                0x0000000008004004                HAL_UART_Transmit
 .text.HAL_UART_Receive_IT
                0x000000000800411c       0xe0 Drivers/STM32F7xx_HAL_Driver/Src/stm32f7xx_hal_uart.o
                0x000000000800411c                HAL_UART_Receive_IT
 .text.HAL_UART_Transmit_DMA
                0x00000000080041fc       0xa4 Drivers/STM32F7xx_HAL_Driver/Src/stm32f7xx_hal_uart.o
                0x00000000080041fc                HAL_UART_Transmit_DMA
 .text.UART_DMATransmitCplt
                0x00000000080042a0       0x2c Drivers/STM32F7xx_HAL_Driver/Src/stm32f7xx_hal_uart.o
 .text.HAL_UART_TxHalfCpltCallback
                0x00000000080042cc        0x4 Drivers/STM32F7xx_HAL_Driver/Src/stm32f7xx_hal_uart.o
                0x00000000080042cc                HAL_UART_TxHalfCpltCallback
 .text.UART_DMATxHalfCplt
                0x00000000080042d0        0xc Drivers/STM32F7xx_HAL_Driver/Src/stm32f7xx_hal_uart.o
 .text.UART_RxISR_8BIT
                0x00000000080042dc       0x5c Drivers/STM32F7xx_HAL_Driver/Src/stm32f7xx_hal_uart.o
 .text.UART_RxISR_16BIT
                0x0000000008004338       0x58 Drivers/STM32F7xx_HAL_Driver/Src/stm32f7xx_hal_uart.o
 .text.HAL_UART_ErrorCallback
                0x0000000008004390        0x4 Drivers/STM32F7xx_HAL_Driver/Src/stm32f7xx_hal_uart.o
                0x0000000008004390                HAL_UART_ErrorCallback
 .text.UART_DMAError
                0x0000000008004394       0x60 Drivers/STM32F7xx_HAL_Driver/Src/stm32f7xx_hal_uart.o
 .text.HAL_UART_IRQHandler
                0x00000000080043f4      0x140 Drivers/STM32F7xx_HAL_Driver/Src/stm32f7xx_hal_uart.o
                0x00000000080043f4                HAL_UART_IRQHandler
 .text.UART_DMAAbortOnError
                0x0000000008004534       0x18 Drivers/STM32F7xx_HAL_Driver/Src/stm32f7xx_hal_uart.o
 .text.UART_AdvFeatureConfig
                0x000000000800454c       0xb0 Drivers/STM32F7xx_HAL_Driver/Src/stm32f7xx_hal_uart.o
                0x000000000800454c                UART_AdvFeatureConfig
 .text.HAL_UART_Init
                0x00000000080045fc      0x3a8 Drivers/STM32F7xx_HAL_Driver/Src/stm32f7xx_hal_uart.o
                0x00000000080045fc                HAL_UART_Init
 .text.PWM_initialize
                0x00000000080049a4       0x58 Src/control/PWM.o
                0x00000000080049a4                PWM_initialize
 *fill*         0x00000000080049fc        0x4 
 .text.inverse_park_transform
                0x0000000008004a00      0x11c Src/control/PWM.o
                0x0000000008004a00                inverse_park_transform
 .text.PWM_TswCalculations
                0x0000000008004b1c      0x150 Src/control/PWM.o
                0x0000000008004b1c                PWM_TswCalculations
 .text.HAL_TIM_PeriodElapsedCallback
                0x0000000008004c6c       0x68 Src/control/control.o
                0x0000000008004c6c                HAL_TIM_PeriodElapsedCallback
 *fill*         0x0000000008004cd4        0x4 
 .text.control_init
                0x0000000008004cd8      0x16c Src/control/control.o
                0x0000000008004cd8                control_init
 .text.check_enable_switch
                0x0000000008004e44      0x110 Src/control/control.o
                0x0000000008004e44                check_enable_switch
 .text.control_disable
                0x0000000008004f54       0x4c Src/control/control.o
                0x0000000008004f54                control_disable
 .text.Inner_initialize
                0x0000000008004fa0       0x70 Src/control/inner.o
                0x0000000008004fa0                Inner_initialize
 .text.vdq_saturation
                0x0000000008005010       0xec Src/control/inner.o
                0x0000000008005010                vdq_saturation
 *fill*         0x00000000080050fc        0x4 
 .text.Inner_step
                0x0000000008005100      0x150 Src/control/inner.o
                0x0000000008005100                Inner_step
 .text.sin_interpolation
                0x0000000008005250       0x68 Src/control/math_fcns.o
                0x0000000008005250                sin_interpolation
 .text.cos_interpolation
                0x00000000080052b8       0x68 Src/control/math_fcns.o
                0x00000000080052b8                cos_interpolation
 .text.absVal   0x0000000008005320        0x8 Src/control/math_fcns.o
                0x0000000008005320                absVal
 .text.fSaturate
                0x0000000008005328       0x18 Src/control/math_fcns.o
                0x0000000008005328                fSaturate
 .text.iSaturate
                0x0000000008005340       0x10 Src/control/math_fcns.o
                0x0000000008005340                iSaturate
 .text.max      0x0000000008005350       0x18 Src/control/math_fcns.o
                0x0000000008005350                max
 .text.min      0x0000000008005368       0x18 Src/control/math_fcns.o
                0x0000000008005368                min
 .text.Outer_step
                0x0000000008005380       0xd4 Src/control/outer.o
                0x0000000008005380                Outer_step
 .text.Torque_step
                0x0000000008005454       0xd8 Src/control/torque.o
                0x0000000008005454                Torque_step
 .text.SystemClock_Config
                0x000000000800552c      0x184 Src/main.o
                0x000000000800552c                SystemClock_Config
 .text.Error_Handler
                0x00000000080056b0       0x40 Src/main.o
                0x00000000080056b0                Error_Handler
 .text.startup.main
                0x00000000080056f0      0x8e8 Src/main.o
                0x00000000080056f0                main
 .text.HAL_MspInit
                0x0000000008005fd8       0x30 Src/stm32f7xx_hal_msp.o
                0x0000000008005fd8                HAL_MspInit
 .text.HAL_ADC_MspInit
                0x0000000008006008      0x1b8 Src/stm32f7xx_hal_msp.o
                0x0000000008006008                HAL_ADC_MspInit
 .text.HAL_CAN_MspInit
                0x00000000080061c0       0x90 Src/stm32f7xx_hal_msp.o
                0x00000000080061c0                HAL_CAN_MspInit
 .text.HAL_DFSDM_FilterMspInit
                0x0000000008006250       0xb4 Src/stm32f7xx_hal_msp.o
                0x0000000008006250                HAL_DFSDM_FilterMspInit
 .text.HAL_DFSDM_ChannelMspInit
                0x0000000008006304       0xb4 Src/stm32f7xx_hal_msp.o
                0x0000000008006304                HAL_DFSDM_ChannelMspInit
 .text.HAL_SPI_MspInit
                0x00000000080063b8      0x174 Src/stm32f7xx_hal_msp.o
                0x00000000080063b8                HAL_SPI_MspInit
 .text.HAL_TIM_Base_MspInit
                0x000000000800652c       0x78 Src/stm32f7xx_hal_msp.o
                0x000000000800652c                HAL_TIM_Base_MspInit
 .text.HAL_TIM_MspPostInit
                0x00000000080065a4       0x58 Src/stm32f7xx_hal_msp.o
                0x00000000080065a4                HAL_TIM_MspPostInit
 .text.HAL_UART_MspInit
                0x00000000080065fc       0xb8 Src/stm32f7xx_hal_msp.o
                0x00000000080065fc                HAL_UART_MspInit
 .text.NMI_Handler
                0x00000000080066b4        0x4 Src/stm32f7xx_it.o
                0x00000000080066b4                NMI_Handler
 .text.HardFault_Handler
                0x00000000080066b8        0x8 Src/stm32f7xx_it.o
                0x00000000080066b8                HardFault_Handler
 .text.MemManage_Handler
                0x00000000080066c0        0x4 Src/stm32f7xx_it.o
                0x00000000080066c0                MemManage_Handler
 .text.BusFault_Handler
                0x00000000080066c4        0x4 Src/stm32f7xx_it.o
                0x00000000080066c4                BusFault_Handler
 .text.UsageFault_Handler
                0x00000000080066c8        0x4 Src/stm32f7xx_it.o
                0x00000000080066c8                UsageFault_Handler
 .text.SVC_Handler
                0x00000000080066cc        0x4 Src/stm32f7xx_it.o
                0x00000000080066cc                SVC_Handler
 .text.DebugMon_Handler
                0x00000000080066d0        0x4 Src/stm32f7xx_it.o
                0x00000000080066d0                DebugMon_Handler
 .text.PendSV_Handler
                0x00000000080066d4        0x4 Src/stm32f7xx_it.o
                0x00000000080066d4                PendSV_Handler
 .text.SysTick_Handler
                0x00000000080066d8        0x4 Src/stm32f7xx_it.o
                0x00000000080066d8                SysTick_Handler
 .text.DMA1_Stream1_IRQHandler
                0x00000000080066dc        0xc Src/stm32f7xx_it.o
                0x00000000080066dc                DMA1_Stream1_IRQHandler
 .text.DMA1_Stream6_IRQHandler
                0x00000000080066e8        0xc Src/stm32f7xx_it.o
                0x00000000080066e8                DMA1_Stream6_IRQHandler
 .text.CAN1_RX0_IRQHandler
                0x00000000080066f4        0xc Src/stm32f7xx_it.o
                0x00000000080066f4                CAN1_RX0_IRQHandler
 .text.TIM1_CC_IRQHandler
                0x0000000008006700        0xc Src/stm32f7xx_it.o
                0x0000000008006700                TIM1_CC_IRQHandler
 .text.TIM3_IRQHandler
                0x000000000800670c        0xc Src/stm32f7xx_it.o
                0x000000000800670c                TIM3_IRQHandler
 .text.SPI2_IRQHandler
                0x0000000008006718        0xc Src/stm32f7xx_it.o
                0x0000000008006718                SPI2_IRQHandler
 .text.USART2_IRQHandler
                0x0000000008006724        0xc Src/stm32f7xx_it.o
                0x0000000008006724                USART2_IRQHandler
 .text.DMA2_Stream0_IRQHandler
                0x0000000008006730        0xc Src/stm32f7xx_it.o
                0x0000000008006730                DMA2_Stream0_IRQHandler
 .text.DMA2_Stream2_IRQHandler
                0x000000000800673c        0xc Src/stm32f7xx_it.o
                0x000000000800673c                DMA2_Stream2_IRQHandler
 .text.SystemInit
                0x0000000008006748       0x50 Src/system_stm32f7xx.o
                0x0000000008006748                SystemInit
 .text.data_init
                0x0000000008006798       0x14 Src/modules/_data.o
                0x0000000008006798                data_init
 .text.adc_init
                0x00000000080067ac        0xc Src/modules/adc.o
                0x00000000080067ac                adc_init
 .text.update_lvbatt_voltage
                0x00000000080067b8       0x40 Src/modules/adc.o
                0x00000000080067b8                update_lvbatt_voltage
 .text.can_init
                0x00000000080067f8       0x34 Src/modules/can.o
                0x00000000080067f8                can_init
 .text.can_poll
                0x000000000800682c       0x88 Src/modules/can.o
                0x000000000800682c                can_poll
 .text.do_nothing
                0x00000000080068b4        0x4 Src/modules/log.o
                0x00000000080068b4                do_nothing
 .text.log_init
                0x00000000080068b8       0x44 Src/modules/log.o
                0x00000000080068b8                log_init
 .text.log_push
                0x00000000080068fc      0x268 Src/modules/log.o
                0x00000000080068fc                log_push
 .text.set_frequency
                0x0000000008006b64        0xc Src/modules/log.o
                0x0000000008006b64                set_frequency
 .text.enable_live_log
                0x0000000008006b70        0xc Src/modules/log.o
                0x0000000008006b70                enable_live_log
 .text.cease_logging
                0x0000000008006b7c        0xc Src/modules/log.o
                0x0000000008006b7c                cease_logging
 .text.resume_logging
                0x0000000008006b88        0xc Src/modules/log.o
                0x0000000008006b88                resume_logging
 .text.log_pop  0x0000000008006b94       0x5c Src/modules/log.o
                0x0000000008006b94                log_pop
 .text.error_handler
                0x0000000008006bf0       0x18 Src/modules/serial.o
                0x0000000008006bf0                error_handler
 .text.download_log
                0x0000000008006c08       0x74 Src/modules/serial.o
                0x0000000008006c08                download_log
 .text.serial_init
                0x0000000008006c7c       0x14 Src/modules/serial.o
                0x0000000008006c7c                serial_init
 .text.send_message_DMA
                0x0000000008006c90       0x30 Src/modules/serial.o
                0x0000000008006c90                send_message_DMA
 .text.getUARTState
                0x0000000008006cc0        0xc Src/modules/serial.o
                0x0000000008006cc0                getUARTState
 .text.HAL_UART_RxCpltCallback
                0x0000000008006ccc      0x124 Src/modules/serial.o
                0x0000000008006ccc                HAL_UART_RxCpltCallback
 .text.HAL_UART_TxCpltCallback
                0x0000000008006df0        0xc Src/modules/serial.o
                0x0000000008006df0                HAL_UART_TxCpltCallback
 .text.start_iabc_conversions
                0x0000000008006dfc       0x10 Src/sensors/HO250S.o
                0x0000000008006dfc                start_iabc_conversions
 .text.check_for_iabc_zeros
                0x0000000008006e0c       0x58 Src/sensors/HO250S.o
                0x0000000008006e0c                check_for_iabc_zeros
 *fill*         0x0000000008006e64        0x4 
 .text.update_iabc
                0x0000000008006e68      0x44c Src/sensors/HO250S.o
                0x0000000008006e68                update_iabc
 .text.ho250S_init
                0x00000000080072b4      0x11c Src/sensors/HO250S.o
                0x00000000080072b4                ho250S_init
 .text.hal_Xmit4BSPI
                0x00000000080073d0       0xbc Src/sensors/PGA411.o
 .text.pga411_XmitSPI.isra.0.constprop.5
                0x000000000800748c      0x29c Src/sensors/PGA411.o
 .text.pga411_XmitSPI.isra.0.constprop.6
                0x0000000008007728      0x2a4 Src/sensors/PGA411.o
 .text.fast_txrx
                0x00000000080079cc      0x354 Src/sensors/PGA411.o
 .text.pga411_ReadAll
                0x0000000008007d20      0x554 Src/sensors/PGA411.o
                0x0000000008007d20                pga411_ReadAll
 .text.pga411_Init
                0x0000000008008274      0x634 Src/sensors/PGA411.o
                0x0000000008008274                pga411_Init
 .text.pga411_checkFaults
                0x00000000080088a8      0xab8 Src/sensors/PGA411.o
                0x00000000080088a8                pga411_checkFaults
 .text.update_rdc_values
                0x0000000008009360      0x138 Src/sensors/PGA411.o
                0x0000000008009360                update_rdc_values
 .text.amc1106_init
                0x0000000008009498       0x90 Src/sensors/amc1106.o
                0x0000000008009498                amc1106_init
 .text.start_Vdc_conversion
                0x0000000008009528        0xc Src/sensors/amc1106.o
                0x0000000008009528                start_Vdc_conversion
 *fill*         0x0000000008009534        0x4 
 .text.update_Vdc
                0x0000000008009538       0x78 Src/sensors/amc1106.o
                0x0000000008009538                update_Vdc
 .text.update_battery_voltage
                0x00000000080095b0       0x4c Src/sensors/battery.o
                0x00000000080095b0                update_battery_voltage
 *fill*         0x00000000080095fc        0x4 
 .text.update_temps
                0x0000000008009600      0x1c4 Src/sensors/thermistor.o
                0x0000000008009600                update_temps
 .text.flash_erase_sector
                0x00000000080097c4       0x30 Src/utils/flash.o
                0x00000000080097c4                flash_erase_sector
 .text.flash_program_sequential
                0x00000000080097f4       0x70 Src/utils/flash.o
                0x00000000080097f4                flash_program_sequential
 .text.Reset_Handler
                0x0000000008009864       0x50 Startup/startup_stm32f767zgtx.o
                0x0000000008009864                Reset_Handler
 .text.Default_Handler
                0x00000000080098b4        0x2 Startup/startup_stm32f767zgtx.o
                0x00000000080098b4                RTC_Alarm_IRQHandler
                0x00000000080098b4                EXTI2_IRQHandler
                0x00000000080098b4                TIM8_CC_IRQHandler
                0x00000000080098b4                UART8_IRQHandler
                0x00000000080098b4                SPI4_IRQHandler
                0x00000000080098b4                DMA2_Stream5_IRQHandler
                0x00000000080098b4                JPEG_IRQHandler
                0x00000000080098b4                DMA1_Stream5_IRQHandler
                0x00000000080098b4                CAN3_RX1_IRQHandler
                0x00000000080098b4                PVD_IRQHandler
                0x00000000080098b4                TAMP_STAMP_IRQHandler
                0x00000000080098b4                CAN2_RX1_IRQHandler
                0x00000000080098b4                EXTI3_IRQHandler
                0x00000000080098b4                TIM8_TRG_COM_TIM14_IRQHandler
                0x00000000080098b4                DFSDM1_FLT1_IRQHandler
                0x00000000080098b4                TIM1_UP_TIM10_IRQHandler
                0x00000000080098b4                TIM8_UP_TIM13_IRQHandler
                0x00000000080098b4                I2C3_ER_IRQHandler
                0x00000000080098b4                DFSDM1_FLT2_IRQHandler
                0x00000000080098b4                EXTI0_IRQHandler
                0x00000000080098b4                I2C2_EV_IRQHandler
                0x00000000080098b4                DMA1_Stream2_IRQHandler
                0x00000000080098b4                FPU_IRQHandler
                0x00000000080098b4                OTG_HS_WKUP_IRQHandler
                0x00000000080098b4                CAN3_SCE_IRQHandler
                0x00000000080098b4                LTDC_ER_IRQHandler
                0x00000000080098b4                CAN2_SCE_IRQHandler
                0x00000000080098b4                SPI1_IRQHandler
                0x00000000080098b4                TIM6_DAC_IRQHandler
                0x00000000080098b4                TIM1_BRK_TIM9_IRQHandler
                0x00000000080098b4                DCMI_IRQHandler
                0x00000000080098b4                CAN2_RX0_IRQHandler
                0x00000000080098b4                DMA2_Stream3_IRQHandler
                0x00000000080098b4                SAI2_IRQHandler
                0x00000000080098b4                DFSDM1_FLT3_IRQHandler
                0x00000000080098b4                USART6_IRQHandler
                0x00000000080098b4                CAN3_RX0_IRQHandler
                0x00000000080098b4                USART3_IRQHandler
                0x00000000080098b4                CAN1_RX1_IRQHandler
                0x00000000080098b4                UART5_IRQHandler
                0x00000000080098b4                TIM4_IRQHandler
                0x00000000080098b4                QUADSPI_IRQHandler
                0x00000000080098b4                I2C1_EV_IRQHandler
                0x00000000080098b4                UART4_IRQHandler
                0x00000000080098b4                RCC_IRQHandler
                0x00000000080098b4                TIM8_BRK_TIM12_IRQHandler
                0x00000000080098b4                Default_Handler
                0x00000000080098b4                CEC_IRQHandler
                0x00000000080098b4                EXTI15_10_IRQHandler
                0x00000000080098b4                ADC_IRQHandler
                0x00000000080098b4                DMA1_Stream7_IRQHandler
                0x00000000080098b4                SPI5_IRQHandler
                0x00000000080098b4                TIM7_IRQHandler
                0x00000000080098b4                SDMMC1_IRQHandler
                0x00000000080098b4                CAN2_TX_IRQHandler
                0x00000000080098b4                TIM5_IRQHandler
                0x00000000080098b4                DMA2_Stream7_IRQHandler
                0x00000000080098b4                I2C3_EV_IRQHandler
                0x00000000080098b4                EXTI9_5_IRQHandler
                0x00000000080098b4                RTC_WKUP_IRQHandler
                0x00000000080098b4                LTDC_IRQHandler
                0x00000000080098b4                ETH_WKUP_IRQHandler
                0x00000000080098b4                SPDIF_RX_IRQHandler
                0x00000000080098b4                OTG_HS_EP1_IN_IRQHandler
                0x00000000080098b4                DMA1_Stream0_IRQHandler
                0x00000000080098b4                CAN1_TX_IRQHandler
                0x00000000080098b4                EXTI4_IRQHandler
                0x00000000080098b4                RNG_IRQHandler
                0x00000000080098b4                ETH_IRQHandler
                0x00000000080098b4                OTG_HS_EP1_OUT_IRQHandler
                0x00000000080098b4                WWDG_IRQHandler
                0x00000000080098b4                SPI6_IRQHandler
                0x00000000080098b4                MDIOS_IRQHandler
                0x00000000080098b4                I2C4_EV_IRQHandler
                0x00000000080098b4                CAN3_TX_IRQHandler
                0x00000000080098b4                TIM2_IRQHandler
                0x00000000080098b4                OTG_FS_WKUP_IRQHandler
                0x00000000080098b4                TIM1_TRG_COM_TIM11_IRQHandler
                0x00000000080098b4                OTG_HS_IRQHandler
                0x00000000080098b4                DMA2D_IRQHandler
                0x00000000080098b4                EXTI1_IRQHandler
                0x00000000080098b4                SDMMC2_IRQHandler
                0x00000000080098b4                UART7_IRQHandler
                0x00000000080098b4                DFSDM1_FLT0_IRQHandler
                0x00000000080098b4                I2C2_ER_IRQHandler
                0x00000000080098b4                DMA2_Stream1_IRQHandler
                0x00000000080098b4                CAN1_SCE_IRQHandler
                0x00000000080098b4                FLASH_IRQHandler
                0x00000000080098b4                DMA2_Stream4_IRQHandler
                0x00000000080098b4                USART1_IRQHandler
                0x00000000080098b4                OTG_FS_IRQHandler
                0x00000000080098b4                SPI3_IRQHandler
                0x00000000080098b4                DMA1_Stream4_IRQHandler
                0x00000000080098b4                I2C1_ER_IRQHandler
                0x00000000080098b4                FMC_IRQHandler
                0x00000000080098b4                LPTIM1_IRQHandler
                0x00000000080098b4                I2C4_ER_IRQHandler
                0x00000000080098b4                DMA2_Stream6_IRQHandler
                0x00000000080098b4                SAI1_IRQHandler
                0x00000000080098b4                DMA1_Stream3_IRQHandler
 *fill*         0x00000000080098b6        0x2 
 .text.__libc_init_array
                0x00000000080098b8       0x48 c:/st/stm32cubeide_1.0.2/stm32cubeide/plugins/com.st.stm32cube.ide.mcu.externaltools.gnu-tools-for-stm32.7-2018-q2-update.win32_1.0.0.201904181610/tools/bin/../lib/gcc/arm-none-eabi/7.3.1/../../../../arm-none-eabi/lib/thumb/v7e-m/fpv5/hard\libc_nano.a(lib_a-init.o)
                0x00000000080098b8                __libc_init_array
 .text.memcpy   0x0000000008009900       0x16 c:/st/stm32cubeide_1.0.2/stm32cubeide/plugins/com.st.stm32cube.ide.mcu.externaltools.gnu-tools-for-stm32.7-2018-q2-update.win32_1.0.0.201904181610/tools/bin/../lib/gcc/arm-none-eabi/7.3.1/../../../../arm-none-eabi/lib/thumb/v7e-m/fpv5/hard\libc_nano.a(lib_a-memcpy-stub.o)
                0x0000000008009900                memcpy
 .text.memset   0x0000000008009916       0x10 c:/st/stm32cubeide_1.0.2/stm32cubeide/plugins/com.st.stm32cube.ide.mcu.externaltools.gnu-tools-for-stm32.7-2018-q2-update.win32_1.0.0.201904181610/tools/bin/../lib/gcc/arm-none-eabi/7.3.1/../../../../arm-none-eabi/lib/thumb/v7e-m/fpv5/hard\libc_nano.a(lib_a-memset.o)
                0x0000000008009916                memset
 *(.glue_7)
 .glue_7        0x0000000008009926        0x0 linker stubs
 *(.glue_7t)
 .glue_7t       0x0000000008009926        0x0 linker stubs
 *(.eh_frame)
 *fill*         0x0000000008009926        0x2 
 .eh_frame      0x0000000008009928        0x0 c:/st/stm32cubeide_1.0.2/stm32cubeide/plugins/com.st.stm32cube.ide.mcu.externaltools.gnu-tools-for-stm32.7-2018-q2-update.win32_1.0.0.201904181610/tools/bin/../lib/gcc/arm-none-eabi/7.3.1/thumb/v7e-m/fpv5/hard/crtbegin.o
 *(.init)
 .init          0x0000000008009928        0x4 c:/st/stm32cubeide_1.0.2/stm32cubeide/plugins/com.st.stm32cube.ide.mcu.externaltools.gnu-tools-for-stm32.7-2018-q2-update.win32_1.0.0.201904181610/tools/bin/../lib/gcc/arm-none-eabi/7.3.1/thumb/v7e-m/fpv5/hard/crti.o
                0x0000000008009928                _init
 .init          0x000000000800992c        0x8 c:/st/stm32cubeide_1.0.2/stm32cubeide/plugins/com.st.stm32cube.ide.mcu.externaltools.gnu-tools-for-stm32.7-2018-q2-update.win32_1.0.0.201904181610/tools/bin/../lib/gcc/arm-none-eabi/7.3.1/thumb/v7e-m/fpv5/hard/crtn.o
 *(.fini)
 .fini          0x0000000008009934        0x4 c:/st/stm32cubeide_1.0.2/stm32cubeide/plugins/com.st.stm32cube.ide.mcu.externaltools.gnu-tools-for-stm32.7-2018-q2-update.win32_1.0.0.201904181610/tools/bin/../lib/gcc/arm-none-eabi/7.3.1/thumb/v7e-m/fpv5/hard/crti.o
                0x0000000008009934                _fini
 .fini          0x0000000008009938        0x8 c:/st/stm32cubeide_1.0.2/stm32cubeide/plugins/com.st.stm32cube.ide.mcu.externaltools.gnu-tools-for-stm32.7-2018-q2-update.win32_1.0.0.201904181610/tools/bin/../lib/gcc/arm-none-eabi/7.3.1/thumb/v7e-m/fpv5/hard/crtn.o
                0x0000000008009940                . = ALIGN (0x4)
                0x0000000008009940                _etext = .

.vfp11_veneer   0x0000000008009940        0x0
 .vfp11_veneer  0x0000000008009940        0x0 linker stubs

.v4_bx          0x0000000008009940        0x0
 .v4_bx         0x0000000008009940        0x0 linker stubs

.iplt           0x0000000008009940        0x0
 .iplt          0x0000000008009940        0x0 c:/st/stm32cubeide_1.0.2/stm32cubeide/plugins/com.st.stm32cube.ide.mcu.externaltools.gnu-tools-for-stm32.7-2018-q2-update.win32_1.0.0.201904181610/tools/bin/../lib/gcc/arm-none-eabi/7.3.1/thumb/v7e-m/fpv5/hard/crtbegin.o

.rodata         0x0000000008009940       0xe8
                0x0000000008009940                . = ALIGN (0x4)
 *(.rodata)
 *(.rodata*)
 .rodata.flagBitshiftOffset.9572
                0x0000000008009940        0x8 Drivers/STM32F7xx_HAL_Driver/Src/stm32f7xx_hal_dma.o
 .rodata.CSWTCH.49
                0x0000000008009948        0x4 Drivers/STM32F7xx_HAL_Driver/Src/stm32f7xx_hal_uart.o
 .rodata.CSWTCH.50
                0x000000000800994c        0xd Drivers/STM32F7xx_HAL_Driver/Src/stm32f7xx_hal_uart.o
 *fill*         0x0000000008009959        0x3 
 .rodata.AHBPrescTable
                0x000000000800995c       0x10 Src/system_stm32f7xx.o
                0x000000000800995c                AHBPrescTable
 .rodata.APBPrescTable
                0x000000000800996c        0x8 Src/system_stm32f7xx.o
                0x000000000800996c                APBPrescTable
 .rodata._handle.str1.4
                0x0000000008009974       0x35 Src/modules/serial.o
 *fill*         0x00000000080099a9        0x3 
 .rodata.download_log.str1.4
                0x00000000080099ac        0xc Src/modules/serial.o
 .rodata.error_handler.str1.4
                0x00000000080099b8        0xc Src/modules/serial.o
                                          0xa (size before relaxing)
 .rodata.IGBT_LOOKUP_TABLE
                0x00000000080099c4       0x64 Src/sensors/thermistor.o
                0x0000000008009a28                . = ALIGN (0x4)

.ARM.extab      0x0000000008009a28        0x0
                0x0000000008009a28                . = ALIGN (0x4)
 *(.ARM.extab* .gnu.linkonce.armextab.*)
                0x0000000008009a28                . = ALIGN (0x4)

.ARM            0x0000000008009a28        0x8
                0x0000000008009a28                . = ALIGN (0x4)
                0x0000000008009a28                __exidx_start = .
 *(.ARM.exidx*)
 .ARM.exidx     0x0000000008009a28        0x8 c:/st/stm32cubeide_1.0.2/stm32cubeide/plugins/com.st.stm32cube.ide.mcu.externaltools.gnu-tools-for-stm32.7-2018-q2-update.win32_1.0.0.201904181610/tools/bin/../lib/gcc/arm-none-eabi/7.3.1/thumb/v7e-m/fpv5/hard\libgcc.a(_udivmoddi4.o)
                0x0000000008009a30                __exidx_end = .
                0x0000000008009a30                . = ALIGN (0x4)

.rel.dyn        0x0000000008009a30        0x0
 .rel.iplt      0x0000000008009a30        0x0 c:/st/stm32cubeide_1.0.2/stm32cubeide/plugins/com.st.stm32cube.ide.mcu.externaltools.gnu-tools-for-stm32.7-2018-q2-update.win32_1.0.0.201904181610/tools/bin/../lib/gcc/arm-none-eabi/7.3.1/thumb/v7e-m/fpv5/hard/crtbegin.o

.preinit_array  0x0000000008009a30        0x0
                0x0000000008009a30                . = ALIGN (0x4)
                0x0000000008009a30                PROVIDE (__preinit_array_start = .)
 *(.preinit_array*)
                0x0000000008009a30                PROVIDE (__preinit_array_end = .)
                0x0000000008009a30                . = ALIGN (0x4)

.init_array     0x0000000008009a30        0x4
                0x0000000008009a30                . = ALIGN (0x4)
                0x0000000008009a30                PROVIDE (__init_array_start = .)
 *(SORT_BY_NAME(.init_array.*))
 *(.init_array*)
 .init_array    0x0000000008009a30        0x4 c:/st/stm32cubeide_1.0.2/stm32cubeide/plugins/com.st.stm32cube.ide.mcu.externaltools.gnu-tools-for-stm32.7-2018-q2-update.win32_1.0.0.201904181610/tools/bin/../lib/gcc/arm-none-eabi/7.3.1/thumb/v7e-m/fpv5/hard/crtbegin.o
                0x0000000008009a34                PROVIDE (__init_array_end = .)
                0x0000000008009a34                . = ALIGN (0x4)

.fini_array     0x0000000008009a34        0x4
                0x0000000008009a34                . = ALIGN (0x4)
                [!provide]                        PROVIDE (__fini_array_start = .)
 *(SORT_BY_NAME(.fini_array.*))
 *(.fini_array*)
 .fini_array    0x0000000008009a34        0x4 c:/st/stm32cubeide_1.0.2/stm32cubeide/plugins/com.st.stm32cube.ide.mcu.externaltools.gnu-tools-for-stm32.7-2018-q2-update.win32_1.0.0.201904181610/tools/bin/../lib/gcc/arm-none-eabi/7.3.1/thumb/v7e-m/fpv5/hard/crtbegin.o
                [!provide]                        PROVIDE (__fini_array_end = .)
                0x0000000008009a38                . = ALIGN (0x4)
                0x0000000008009a38                _sidata = LOADADDR (.data)

.data           0x0000000020000000     0x2068 load address 0x0000000008009a38
                0x0000000020000000                . = ALIGN (0x4)
                0x0000000020000000                _sdata = .
 *(.data)
 *(.data*)
 .data.uwTickFreq
                0x0000000020000000        0x1 Drivers/STM32F7xx_HAL_Driver/Src/stm32f7xx_hal.o
                0x0000000020000000                uwTickFreq
 *fill*         0x0000000020000001        0x3 
 .data.uwTickPrio
                0x0000000020000004        0x4 Drivers/STM32F7xx_HAL_Driver/Src/stm32f7xx_hal.o
                0x0000000020000004                uwTickPrio
 .data.cosTable
                0x0000000020000008      0xfa0 Src/control/lookupTables.o
                0x0000000020000008                cosTable
 .data.sinTable
                0x0000000020000fa8      0xfa0 Src/control/lookupTables.o
                0x0000000020000fa8                sinTable
 .data.SystemCoreClock
                0x0000000020001f48        0x4 Src/system_stm32f7xx.o
                0x0000000020001f48                SystemCoreClock
 .data.frequency
                0x0000000020001f4c        0x1 Src/modules/log.o
                0x0000000020001f4c                frequency
 *fill*         0x0000000020001f4d        0x3 
 .data.pga411_regs
                0x0000000020001f50      0x118 Src/sensors/PGA411.o
                0x0000000020001f50                pga411_regs
                0x0000000020002068                . = ALIGN (0x4)
                0x0000000020002068                _edata = .

.igot.plt       0x0000000020002068        0x0 load address 0x000000000800baa0
 .igot.plt      0x0000000020002068        0x0 c:/st/stm32cubeide_1.0.2/stm32cubeide/plugins/com.st.stm32cube.ide.mcu.externaltools.gnu-tools-for-stm32.7-2018-q2-update.win32_1.0.0.201904181610/tools/bin/../lib/gcc/arm-none-eabi/7.3.1/thumb/v7e-m/fpv5/hard/crtbegin.o
                0x0000000020002068                . = ALIGN (0x4)

.bss            0x0000000020002068    0x675d8 load address 0x000000000800baa0
                0x0000000020002068                _sbss = .
                0x0000000020002068                __bss_start__ = _sbss
 *(.bss)
 .bss           0x0000000020002068       0x1c c:/st/stm32cubeide_1.0.2/stm32cubeide/plugins/com.st.stm32cube.ide.mcu.externaltools.gnu-tools-for-stm32.7-2018-q2-update.win32_1.0.0.201904181610/tools/bin/../lib/gcc/arm-none-eabi/7.3.1/thumb/v7e-m/fpv5/hard/crtbegin.o
 *(.bss*)
 .bss.a_dfsdm1ChannelHandle
                0x0000000020002084       0x20 Drivers/STM32F7xx_HAL_Driver/Src/stm32f7xx_hal_dfsdm.o
                0x0000000020002084                a_dfsdm1ChannelHandle
 .bss.v_dfsdm1ChannelCounter
                0x00000000200020a4        0x4 Drivers/STM32F7xx_HAL_Driver/Src/stm32f7xx_hal_dfsdm.o
                0x00000000200020a4                v_dfsdm1ChannelCounter
 .bss.DFSDM1_Init
                0x00000000200020a8        0x4 Src/stm32f7xx_hal_msp.o
 .bss.HAL_RCC_DFSDM1_CLK_ENABLED
                0x00000000200020ac        0x4 Src/stm32f7xx_hal_msp.o
 .bss._hadc     0x00000000200020b0        0x4 Src/modules/adc.o
 .bss._huart    0x00000000200020b4        0x4 Src/modules/serial.o
 .bss.buffer    0x00000000200020b8       0x20 Src/modules/serial.o
 .bss.data      0x00000000200020d8       0x20 Src/modules/serial.o
 .bss.status    0x00000000200020f8        0x1 Src/modules/serial.o
 *(COMMON)
 *fill*         0x00000000200020f9        0x3 
 COMMON         0x00000000200020fc        0x4 Drivers/STM32F7xx_HAL_Driver/Src/stm32f7xx_hal.o
                0x00000000200020fc                uwTick
 COMMON         0x0000000020002100       0x1c Drivers/STM32F7xx_HAL_Driver/Src/stm32f7xx_hal_flash.o
                0x0000000020002100                pFlash
 *fill*         0x000000002000211c        0x4 
 COMMON         0x0000000020002120      0x140 Src/control/PWM.o
                0x0000000020002120                mc_faults
                0x0000000020002128                Va
                0x000000002000212c                Vc
                0x0000000020002130                mc_params
                0x00000000200021c8                Vb
                0x00000000200021cc                mc_vars
 COMMON         0x0000000020002260       0x80 Src/control/control.o
                0x0000000020002260                htim3
                0x00000000200022a0                htim1
 COMMON         0x00000000200022e0       0x38 Src/control/inner.o
                0x00000000200022e0                pi_id
                0x00000000200022fc                pi_iq
 COMMON         0x0000000020002318      0x608 Src/main.o
                0x0000000020002318                hdfsdm1_channel1
                0x0000000020002350                hspi2
                0x00000000200023b4                hadc2
                0x00000000200023fc                hdfsdm1_channel4
                0x0000000020002434                hiwdg
                0x0000000020002444                hdfsdm1_filter0
                0x0000000020002498                hdma_spi2_rx
                0x00000000200024f8                hspi6
                0x000000002000255c                hdfsdm1_channel3
                0x0000000020002594                hadc1
                0x00000000200025dc                hdfsdm1_filter2
                0x0000000020002630                hadc3
                0x0000000020002678                hdma_usart2_tx
                0x00000000200026d8                hdfsdm1_filter3
                0x000000002000272c                hdfsdm1_filter1
                0x0000000020002780                hdma_adc1
                0x00000000200027e0                hdfsdm1_channel0
                0x0000000020002818                huart2
                0x0000000020002898                hdma_adc2
                0x00000000200028f8                hcan1
 COMMON         0x0000000020002920       0x38 Src/modules/can.o
                0x0000000020002920                sFilterConfig
                0x0000000020002948                data_id
                0x000000002000294c                can_data
                0x0000000020002950                header
                0x0000000020002954                _hcan
 COMMON         0x0000000020002958    0x66b44 Src/modules/log.o
                0x0000000020002958                live_data_log
                0x000000002000c796                w_ptr
                0x000000002000c798                triggered_count
                0x000000002000c79a                ll_w_ptr
                0x000000002000c79c                r_ptr
                0x000000002000c79e                live_log_enable
                0x000000002000c7a0                data_log
                0x0000000020069400                cease_log
                0x0000000020069401                triggered
                0x0000000020069402                count
                0x0000000020069404                live_data
                0x0000000020069450                temp_buf
 COMMON         0x000000002006949c        0x4 Src/modules/serial.o
                0x000000002006949c                TxCpltCallback
 COMMON         0x00000000200694a0      0x19c Src/sensors/HO250S.o
                0x00000000200694a0                nums_list
                0x0000000020069630                offset_vals
 COMMON         0x000000002006963c        0x1 Src/sensors/PGA411.o
                0x000000002006963c                ignore_crc_error
                0x0000000020069640                . = ALIGN (0x4)
 *fill*         0x000000002006963d        0x3 
                0x0000000020069640                _ebss = .
                0x0000000020069640                __bss_end__ = _ebss

._user_heap_stack
                0x0000000020069640      0x600 load address 0x000000000800baa0
                0x0000000020069640                . = ALIGN (0x8)
                0x0000000020069640                PROVIDE (end = .)
                [!provide]                        PROVIDE (_end = .)
                0x0000000020069840                . = (. + _Min_Heap_Size)
 *fill*         0x0000000020069640      0x200 
                0x0000000020069c40                . = (. + _Min_Stack_Size)
 *fill*         0x0000000020069840      0x400 
                0x0000000020069c40                . = ALIGN (0x8)

/DISCARD/
 libc.a(*)
 libm.a(*)
 libgcc.a(*)

.ARM.attributes
                0x0000000000000000       0x2e
 *(.ARM.attributes)
 .ARM.attributes
                0x0000000000000000       0x20 c:/st/stm32cubeide_1.0.2/stm32cubeide/plugins/com.st.stm32cube.ide.mcu.externaltools.gnu-tools-for-stm32.7-2018-q2-update.win32_1.0.0.201904181610/tools/bin/../lib/gcc/arm-none-eabi/7.3.1/thumb/v7e-m/fpv5/hard/crti.o
 .ARM.attributes
                0x0000000000000020       0x32 c:/st/stm32cubeide_1.0.2/stm32cubeide/plugins/com.st.stm32cube.ide.mcu.externaltools.gnu-tools-for-stm32.7-2018-q2-update.win32_1.0.0.201904181610/tools/bin/../lib/gcc/arm-none-eabi/7.3.1/thumb/v7e-m/fpv5/hard/crtbegin.o
 .ARM.attributes
                0x0000000000000052       0x33 Drivers/STM32F7xx_HAL_Driver/Src/stm32f7xx_hal.o
 .ARM.attributes
                0x0000000000000085       0x33 Drivers/STM32F7xx_HAL_Driver/Src/stm32f7xx_hal_adc.o
 .ARM.attributes
                0x00000000000000b8       0x33 Drivers/STM32F7xx_HAL_Driver/Src/stm32f7xx_hal_adc_ex.o
 .ARM.attributes
                0x00000000000000eb       0x33 Drivers/STM32F7xx_HAL_Driver/Src/stm32f7xx_hal_can.o
 .ARM.attributes
                0x000000000000011e       0x33 Drivers/STM32F7xx_HAL_Driver/Src/stm32f7xx_hal_cortex.o
 .ARM.attributes
                0x0000000000000151       0x33 Drivers/STM32F7xx_HAL_Driver/Src/stm32f7xx_hal_dfsdm.o
 .ARM.attributes
                0x0000000000000184       0x33 Drivers/STM32F7xx_HAL_Driver/Src/stm32f7xx_hal_dma.o
 .ARM.attributes
                0x00000000000001b7       0x33 Drivers/STM32F7xx_HAL_Driver/Src/stm32f7xx_hal_flash.o
 .ARM.attributes
                0x00000000000001ea       0x33 Drivers/STM32F7xx_HAL_Driver/Src/stm32f7xx_hal_flash_ex.o
 .ARM.attributes
                0x000000000000021d       0x33 Drivers/STM32F7xx_HAL_Driver/Src/stm32f7xx_hal_gpio.o
 .ARM.attributes
                0x0000000000000250       0x33 Drivers/STM32F7xx_HAL_Driver/Src/stm32f7xx_hal_iwdg.o
 .ARM.attributes
                0x0000000000000283       0x33 Drivers/STM32F7xx_HAL_Driver/Src/stm32f7xx_hal_pwr_ex.o
 .ARM.attributes
                0x00000000000002b6       0x33 Drivers/STM32F7xx_HAL_Driver/Src/stm32f7xx_hal_rcc.o
 .ARM.attributes
                0x00000000000002e9       0x33 Drivers/STM32F7xx_HAL_Driver/Src/stm32f7xx_hal_rcc_ex.o
 .ARM.attributes
                0x000000000000031c       0x33 Drivers/STM32F7xx_HAL_Driver/Src/stm32f7xx_hal_spi.o
 .ARM.attributes
                0x000000000000034f       0x33 Drivers/STM32F7xx_HAL_Driver/Src/stm32f7xx_hal_tim.o
 .ARM.attributes
                0x0000000000000382       0x33 Drivers/STM32F7xx_HAL_Driver/Src/stm32f7xx_hal_tim_ex.o
 .ARM.attributes
                0x00000000000003b5       0x33 Drivers/STM32F7xx_HAL_Driver/Src/stm32f7xx_hal_uart.o
 .ARM.attributes
                0x00000000000003e8       0x33 Src/control/PWM.o
 .ARM.attributes
                0x000000000000041b       0x33 Src/control/control.o
 .ARM.attributes
                0x000000000000044e       0x33 Src/control/inner.o
 .ARM.attributes
                0x0000000000000481       0x33 Src/control/lookupTables.o
 .ARM.attributes
                0x00000000000004b4       0x33 Src/control/math_fcns.o
 .ARM.attributes
                0x00000000000004e7       0x33 Src/control/outer.o
 .ARM.attributes
                0x000000000000051a       0x33 Src/control/torque.o
 .ARM.attributes
                0x000000000000054d       0x33 Src/main.o
 .ARM.attributes
                0x0000000000000580       0x33 Src/stm32f7xx_hal_msp.o
 .ARM.attributes
                0x00000000000005b3       0x33 Src/stm32f7xx_it.o
 .ARM.attributes
                0x00000000000005e6       0x33 Src/system_stm32f7xx.o
 .ARM.attributes
                0x0000000000000619       0x33 Src/modules/_data.o
 .ARM.attributes
                0x000000000000064c       0x33 Src/modules/adc.o
 .ARM.attributes
                0x000000000000067f       0x33 Src/modules/can.o
 .ARM.attributes
                0x00000000000006b2       0x33 Src/modules/log.o
 .ARM.attributes
                0x00000000000006e5       0x33 Src/modules/serial.o
 .ARM.attributes
                0x0000000000000718       0x33 Src/sensors/HO250S.o
 .ARM.attributes
                0x000000000000074b       0x33 Src/sensors/PGA411.o
 .ARM.attributes
                0x000000000000077e       0x33 Src/sensors/amc1106.o
 .ARM.attributes
                0x00000000000007b1       0x33 Src/sensors/battery.o
 .ARM.attributes
                0x00000000000007e4       0x33 Src/sensors/thermistor.o
 .ARM.attributes
                0x0000000000000817       0x33 Src/utils/flash.o
 .ARM.attributes
                0x000000000000084a       0x21 Startup/startup_stm32f767zgtx.o
 .ARM.attributes
                0x000000000000086b       0x32 c:/st/stm32cubeide_1.0.2/stm32cubeide/plugins/com.st.stm32cube.ide.mcu.externaltools.gnu-tools-for-stm32.7-2018-q2-update.win32_1.0.0.201904181610/tools/bin/../lib/gcc/arm-none-eabi/7.3.1/../../../../arm-none-eabi/lib/thumb/v7e-m/fpv5/hard\libc_nano.a(lib_a-init.o)
 .ARM.attributes
                0x000000000000089d       0x32 c:/st/stm32cubeide_1.0.2/stm32cubeide/plugins/com.st.stm32cube.ide.mcu.externaltools.gnu-tools-for-stm32.7-2018-q2-update.win32_1.0.0.201904181610/tools/bin/../lib/gcc/arm-none-eabi/7.3.1/../../../../arm-none-eabi/lib/thumb/v7e-m/fpv5/hard\libc_nano.a(lib_a-memcpy-stub.o)
 .ARM.attributes
                0x00000000000008cf       0x32 c:/st/stm32cubeide_1.0.2/stm32cubeide/plugins/com.st.stm32cube.ide.mcu.externaltools.gnu-tools-for-stm32.7-2018-q2-update.win32_1.0.0.201904181610/tools/bin/../lib/gcc/arm-none-eabi/7.3.1/../../../../arm-none-eabi/lib/thumb/v7e-m/fpv5/hard\libc_nano.a(lib_a-memset.o)
 .ARM.attributes
                0x0000000000000901       0x20 c:/st/stm32cubeide_1.0.2/stm32cubeide/plugins/com.st.stm32cube.ide.mcu.externaltools.gnu-tools-for-stm32.7-2018-q2-update.win32_1.0.0.201904181610/tools/bin/../lib/gcc/arm-none-eabi/7.3.1/thumb/v7e-m/fpv5/hard\libgcc.a(_aeabi_uldivmod.o)
 .ARM.attributes
                0x0000000000000921       0x32 c:/st/stm32cubeide_1.0.2/stm32cubeide/plugins/com.st.stm32cube.ide.mcu.externaltools.gnu-tools-for-stm32.7-2018-q2-update.win32_1.0.0.201904181610/tools/bin/../lib/gcc/arm-none-eabi/7.3.1/thumb/v7e-m/fpv5/hard\libgcc.a(_udivmoddi4.o)
 .ARM.attributes
                0x0000000000000953       0x20 c:/st/stm32cubeide_1.0.2/stm32cubeide/plugins/com.st.stm32cube.ide.mcu.externaltools.gnu-tools-for-stm32.7-2018-q2-update.win32_1.0.0.201904181610/tools/bin/../lib/gcc/arm-none-eabi/7.3.1/thumb/v7e-m/fpv5/hard\libgcc.a(_dvmd_tls.o)
 .ARM.attributes
                0x0000000000000973       0x20 c:/st/stm32cubeide_1.0.2/stm32cubeide/plugins/com.st.stm32cube.ide.mcu.externaltools.gnu-tools-for-stm32.7-2018-q2-update.win32_1.0.0.201904181610/tools/bin/../lib/gcc/arm-none-eabi/7.3.1/thumb/v7e-m/fpv5/hard/crtn.o
OUTPUT(controller_v4.elf elf32-littlearm)

.debug_info     0x0000000000000000    0x31cb6
 .debug_info    0x0000000000000000      0xb09 Drivers/STM32F7xx_HAL_Driver/Src/stm32f7xx_hal.o
 .debug_info    0x0000000000000b09      0xd9e Drivers/STM32F7xx_HAL_Driver/Src/stm32f7xx_hal_adc.o
 .debug_info    0x00000000000018a7      0xbd0 Drivers/STM32F7xx_HAL_Driver/Src/stm32f7xx_hal_adc_ex.o
 .debug_info    0x0000000000002477     0x114c Drivers/STM32F7xx_HAL_Driver/Src/stm32f7xx_hal_can.o
 .debug_info    0x00000000000035c3     0x11ea Drivers/STM32F7xx_HAL_Driver/Src/stm32f7xx_hal_cortex.o
 .debug_info    0x00000000000047ad     0x21b0 Drivers/STM32F7xx_HAL_Driver/Src/stm32f7xx_hal_dfsdm.o
 .debug_info    0x000000000000695d      0xb1e Drivers/STM32F7xx_HAL_Driver/Src/stm32f7xx_hal_dma.o
 .debug_info    0x000000000000747b      0x9ae Drivers/STM32F7xx_HAL_Driver/Src/stm32f7xx_hal_flash.o
 .debug_info    0x0000000000007e29      0xb28 Drivers/STM32F7xx_HAL_Driver/Src/stm32f7xx_hal_flash_ex.o
 .debug_info    0x0000000000008951      0x7fd Drivers/STM32F7xx_HAL_Driver/Src/stm32f7xx_hal_gpio.o
 .debug_info    0x000000000000914e      0x2e4 Drivers/STM32F7xx_HAL_Driver/Src/stm32f7xx_hal_iwdg.o
 .debug_info    0x0000000000009432      0xa34 Drivers/STM32F7xx_HAL_Driver/Src/stm32f7xx_hal_pwr_ex.o
 .debug_info    0x0000000000009e66      0xc26 Drivers/STM32F7xx_HAL_Driver/Src/stm32f7xx_hal_rcc.o
 .debug_info    0x000000000000aa8c      0x8c9 Drivers/STM32F7xx_HAL_Driver/Src/stm32f7xx_hal_rcc_ex.o
 .debug_info    0x000000000000b355     0x2c80 Drivers/STM32F7xx_HAL_Driver/Src/stm32f7xx_hal_spi.o
 .debug_info    0x000000000000dfd5     0x40ba Drivers/STM32F7xx_HAL_Driver/Src/stm32f7xx_hal_tim.o
 .debug_info    0x000000000001208f     0x16ea Drivers/STM32F7xx_HAL_Driver/Src/stm32f7xx_hal_tim_ex.o
 .debug_info    0x0000000000013779     0x22bf Drivers/STM32F7xx_HAL_Driver/Src/stm32f7xx_hal_uart.o
 .debug_info    0x0000000000015a38      0xe6b Src/control/PWM.o
 .debug_info    0x00000000000168a3     0x1a29 Src/control/control.o
 .debug_info    0x00000000000182cc      0x956 Src/control/inner.o
 .debug_info    0x0000000000018c22       0x64 Src/control/lookupTables.o
 .debug_info    0x0000000000018c86      0x6ca Src/control/math_fcns.o
 .debug_info    0x0000000000019350      0x519 Src/control/outer.o
 .debug_info    0x0000000000019869      0xf30 Src/control/torque.o
 .debug_info    0x000000000001a799     0x4355 Src/main.o
 .debug_info    0x000000000001eaee     0x3348 Src/stm32f7xx_hal_msp.o
 .debug_info    0x0000000000021e36     0x1ec4 Src/stm32f7xx_it.o
 .debug_info    0x0000000000023cfa      0x742 Src/system_stm32f7xx.o
 .debug_info    0x000000000002443c      0xe08 Src/modules/_data.o
 .debug_info    0x0000000000025244      0xb9c Src/modules/adc.o
 .debug_info    0x0000000000025de0     0x13ce Src/modules/can.o
 .debug_info    0x00000000000271ae     0x1315 Src/modules/log.o
 .debug_info    0x00000000000284c3     0x1b6b Src/modules/serial.o
 .debug_info    0x000000000002a02e     0x1d66 Src/sensors/HO250S.o
 .debug_info    0x000000000002bd94     0x26f5 Src/sensors/PGA411.o
 .debug_info    0x000000000002e489     0x161f Src/sensors/amc1106.o
 .debug_info    0x000000000002faa8      0x4e8 Src/sensors/battery.o
 .debug_info    0x000000000002ff90     0x15f8 Src/sensors/thermistor.o
 .debug_info    0x0000000000031588      0x70c Src/utils/flash.o
 .debug_info    0x0000000000031c94       0x22 Startup/startup_stm32f767zgtx.o

.debug_abbrev   0x0000000000000000     0x658c
 .debug_abbrev  0x0000000000000000      0x240 Drivers/STM32F7xx_HAL_Driver/Src/stm32f7xx_hal.o
 .debug_abbrev  0x0000000000000240      0x298 Drivers/STM32F7xx_HAL_Driver/Src/stm32f7xx_hal_adc.o
 .debug_abbrev  0x00000000000004d8      0x273 Drivers/STM32F7xx_HAL_Driver/Src/stm32f7xx_hal_adc_ex.o
 .debug_abbrev  0x000000000000074b      0x2f2 Drivers/STM32F7xx_HAL_Driver/Src/stm32f7xx_hal_can.o
 .debug_abbrev  0x0000000000000a3d      0x317 Drivers/STM32F7xx_HAL_Driver/Src/stm32f7xx_hal_cortex.o
 .debug_abbrev  0x0000000000000d54      0x30e Drivers/STM32F7xx_HAL_Driver/Src/stm32f7xx_hal_dfsdm.o
 .debug_abbrev  0x0000000000001062      0x324 Drivers/STM32F7xx_HAL_Driver/Src/stm32f7xx_hal_dma.o
 .debug_abbrev  0x0000000000001386      0x36a Drivers/STM32F7xx_HAL_Driver/Src/stm32f7xx_hal_flash.o
 .debug_abbrev  0x00000000000016f0      0x307 Drivers/STM32F7xx_HAL_Driver/Src/stm32f7xx_hal_flash_ex.o
 .debug_abbrev  0x00000000000019f7      0x203 Drivers/STM32F7xx_HAL_Driver/Src/stm32f7xx_hal_gpio.o
 .debug_abbrev  0x0000000000001bfa      0x149 Drivers/STM32F7xx_HAL_Driver/Src/stm32f7xx_hal_iwdg.o
 .debug_abbrev  0x0000000000001d43      0x1be Drivers/STM32F7xx_HAL_Driver/Src/stm32f7xx_hal_pwr_ex.o
 .debug_abbrev  0x0000000000001f01      0x2fd Drivers/STM32F7xx_HAL_Driver/Src/stm32f7xx_hal_rcc.o
 .debug_abbrev  0x00000000000021fe      0x1cd Drivers/STM32F7xx_HAL_Driver/Src/stm32f7xx_hal_rcc_ex.o
 .debug_abbrev  0x00000000000023cb      0x389 Drivers/STM32F7xx_HAL_Driver/Src/stm32f7xx_hal_spi.o
 .debug_abbrev  0x0000000000002754      0x33a Drivers/STM32F7xx_HAL_Driver/Src/stm32f7xx_hal_tim.o
 .debug_abbrev  0x0000000000002a8e      0x300 Drivers/STM32F7xx_HAL_Driver/Src/stm32f7xx_hal_tim_ex.o
 .debug_abbrev  0x0000000000002d8e      0x34b Drivers/STM32F7xx_HAL_Driver/Src/stm32f7xx_hal_uart.o
 .debug_abbrev  0x00000000000030d9      0x234 Src/control/PWM.o
 .debug_abbrev  0x000000000000330d      0x2d2 Src/control/control.o
 .debug_abbrev  0x00000000000035df      0x203 Src/control/inner.o
 .debug_abbrev  0x00000000000037e2       0x52 Src/control/lookupTables.o
 .debug_abbrev  0x0000000000003834      0x15f Src/control/math_fcns.o
 .debug_abbrev  0x0000000000003993       0xff Src/control/outer.o
 .debug_abbrev  0x0000000000003a92      0x275 Src/control/torque.o
 .debug_abbrev  0x0000000000003d07      0x379 Src/main.o
 .debug_abbrev  0x0000000000004080      0x36b Src/stm32f7xx_hal_msp.o
 .debug_abbrev  0x00000000000043eb      0x2aa Src/stm32f7xx_it.o
 .debug_abbrev  0x0000000000004695      0x147 Src/system_stm32f7xx.o
 .debug_abbrev  0x00000000000047dc      0x1c5 Src/modules/_data.o
 .debug_abbrev  0x00000000000049a1      0x229 Src/modules/adc.o
 .debug_abbrev  0x0000000000004bca      0x29e Src/modules/can.o
 .debug_abbrev  0x0000000000004e68      0x343 Src/modules/log.o
 .debug_abbrev  0x00000000000051ab      0x3be Src/modules/serial.o
 .debug_abbrev  0x0000000000005569      0x354 Src/sensors/HO250S.o
 .debug_abbrev  0x00000000000058bd      0x42f Src/sensors/PGA411.o
 .debug_abbrev  0x0000000000005cec      0x26a Src/sensors/amc1106.o
 .debug_abbrev  0x0000000000005f56       0xe1 Src/sensors/battery.o
 .debug_abbrev  0x0000000000006037      0x2e9 Src/sensors/thermistor.o
 .debug_abbrev  0x0000000000006320      0x25a Src/utils/flash.o
 .debug_abbrev  0x000000000000657a       0x12 Startup/startup_stm32f767zgtx.o

.debug_loc      0x0000000000000000    0x19cda
 .debug_loc     0x0000000000000000      0x11c Drivers/STM32F7xx_HAL_Driver/Src/stm32f7xx_hal.o
 .debug_loc     0x000000000000011c      0x88a Drivers/STM32F7xx_HAL_Driver/Src/stm32f7xx_hal_adc.o
 .debug_loc     0x00000000000009a6      0x75d Drivers/STM32F7xx_HAL_Driver/Src/stm32f7xx_hal_adc_ex.o
 .debug_loc     0x0000000000001103      0xc95 Drivers/STM32F7xx_HAL_Driver/Src/stm32f7xx_hal_can.o
 .debug_loc     0x0000000000001d98      0x5a2 Drivers/STM32F7xx_HAL_Driver/Src/stm32f7xx_hal_cortex.o
 .debug_loc     0x000000000000233a     0x29da Drivers/STM32F7xx_HAL_Driver/Src/stm32f7xx_hal_dfsdm.o
 .debug_loc     0x0000000000004d14      0x9a3 Drivers/STM32F7xx_HAL_Driver/Src/stm32f7xx_hal_dma.o
 .debug_loc     0x00000000000056b7      0x635 Drivers/STM32F7xx_HAL_Driver/Src/stm32f7xx_hal_flash.o
 .debug_loc     0x0000000000005cec      0x7ad Drivers/STM32F7xx_HAL_Driver/Src/stm32f7xx_hal_flash_ex.o
 .debug_loc     0x0000000000006499      0x44a Drivers/STM32F7xx_HAL_Driver/Src/stm32f7xx_hal_gpio.o
 .debug_loc     0x00000000000068e3       0x8c Drivers/STM32F7xx_HAL_Driver/Src/stm32f7xx_hal_iwdg.o
 .debug_loc     0x000000000000696f      0x257 Drivers/STM32F7xx_HAL_Driver/Src/stm32f7xx_hal_pwr_ex.o
 .debug_loc     0x0000000000006bc6      0x590 Drivers/STM32F7xx_HAL_Driver/Src/stm32f7xx_hal_rcc.o
 .debug_loc     0x0000000000007156      0x681 Drivers/STM32F7xx_HAL_Driver/Src/stm32f7xx_hal_rcc_ex.o
 .debug_loc     0x00000000000077d7     0x3523 Drivers/STM32F7xx_HAL_Driver/Src/stm32f7xx_hal_spi.o
 .debug_loc     0x000000000000acfa     0x5819 Drivers/STM32F7xx_HAL_Driver/Src/stm32f7xx_hal_tim.o
 .debug_loc     0x0000000000010513     0x14e4 Drivers/STM32F7xx_HAL_Driver/Src/stm32f7xx_hal_tim_ex.o
 .debug_loc     0x00000000000119f7     0x1ea1 Drivers/STM32F7xx_HAL_Driver/Src/stm32f7xx_hal_uart.o
 .debug_loc     0x0000000000013898      0x327 Src/control/PWM.o
 .debug_loc     0x0000000000013bbf       0x21 Src/control/control.o
 .debug_loc     0x0000000000013be0      0x179 Src/control/inner.o
 .debug_loc     0x0000000000013d59      0x400 Src/control/math_fcns.o
 .debug_loc     0x0000000000014159       0x20 Src/control/outer.o
 .debug_loc     0x0000000000014179      0x15a Src/control/torque.o
 .debug_loc     0x00000000000142d3      0x29d Src/stm32f7xx_hal_msp.o
 .debug_loc     0x0000000000014570      0x14c Src/system_stm32f7xx.o
 .debug_loc     0x00000000000146bc       0x58 Src/modules/_data.o
 .debug_loc     0x0000000000014714       0x69 Src/modules/adc.o
 .debug_loc     0x000000000001477d       0xaf Src/modules/can.o
 .debug_loc     0x000000000001482c      0x16a Src/modules/log.o
 .debug_loc     0x0000000000014996      0x26a Src/modules/serial.o
 .debug_loc     0x0000000000014c00      0x590 Src/sensors/HO250S.o
 .debug_loc     0x0000000000015190     0x40ca Src/sensors/PGA411.o
 .debug_loc     0x000000000001925a       0x55 Src/sensors/battery.o
 .debug_loc     0x00000000000192af      0x4b0 Src/sensors/thermistor.o
 .debug_loc     0x000000000001975f      0x57b Src/utils/flash.o

.debug_aranges  0x0000000000000000     0x14c8
 .debug_aranges
                0x0000000000000000      0x108 Drivers/STM32F7xx_HAL_Driver/Src/stm32f7xx_hal.o
 .debug_aranges
                0x0000000000000108       0xb8 Drivers/STM32F7xx_HAL_Driver/Src/stm32f7xx_hal_adc.o
 .debug_aranges
                0x00000000000001c0       0x90 Drivers/STM32F7xx_HAL_Driver/Src/stm32f7xx_hal_adc_ex.o
 .debug_aranges
                0x0000000000000250       0xc8 Drivers/STM32F7xx_HAL_Driver/Src/stm32f7xx_hal_can.o
 .debug_aranges
                0x0000000000000318       0xa8 Drivers/STM32F7xx_HAL_Driver/Src/stm32f7xx_hal_cortex.o
 .debug_aranges
                0x00000000000003c0      0x1c8 Drivers/STM32F7xx_HAL_Driver/Src/stm32f7xx_hal_dfsdm.o
 .debug_aranges
                0x0000000000000588       0x78 Drivers/STM32F7xx_HAL_Driver/Src/stm32f7xx_hal_dma.o
 .debug_aranges
                0x0000000000000600       0x70 Drivers/STM32F7xx_HAL_Driver/Src/stm32f7xx_hal_flash.o
 .debug_aranges
                0x0000000000000670       0x40 Drivers/STM32F7xx_HAL_Driver/Src/stm32f7xx_hal_flash_ex.o
 .debug_aranges
                0x00000000000006b0       0x58 Drivers/STM32F7xx_HAL_Driver/Src/stm32f7xx_hal_gpio.o
 .debug_aranges
                0x0000000000000708       0x28 Drivers/STM32F7xx_HAL_Driver/Src/stm32f7xx_hal_iwdg.o
 .debug_aranges
                0x0000000000000730       0x80 Drivers/STM32F7xx_HAL_Driver/Src/stm32f7xx_hal_pwr_ex.o
 .debug_aranges
                0x00000000000007b0       0x88 Drivers/STM32F7xx_HAL_Driver/Src/stm32f7xx_hal_rcc.o
 .debug_aranges
                0x0000000000000838       0x50 Drivers/STM32F7xx_HAL_Driver/Src/stm32f7xx_hal_rcc_ex.o
 .debug_aranges
                0x0000000000000888      0x168 Drivers/STM32F7xx_HAL_Driver/Src/stm32f7xx_hal_spi.o
 .debug_aranges
                0x00000000000009f0      0x258 Drivers/STM32F7xx_HAL_Driver/Src/stm32f7xx_hal_tim.o
 .debug_aranges
                0x0000000000000c48      0x100 Drivers/STM32F7xx_HAL_Driver/Src/stm32f7xx_hal_tim_ex.o
 .debug_aranges
                0x0000000000000d48      0x198 Drivers/STM32F7xx_HAL_Driver/Src/stm32f7xx_hal_uart.o
 .debug_aranges
                0x0000000000000ee0       0x38 Src/control/PWM.o
 .debug_aranges
                0x0000000000000f18       0x40 Src/control/control.o
 .debug_aranges
                0x0000000000000f58       0x58 Src/control/inner.o
 .debug_aranges
                0x0000000000000fb0       0x18 Src/control/lookupTables.o
 .debug_aranges
                0x0000000000000fc8       0x50 Src/control/math_fcns.o
 .debug_aranges
                0x0000000000001018       0x20 Src/control/outer.o
 .debug_aranges
                0x0000000000001038       0x20 Src/control/torque.o
 .debug_aranges
                0x0000000000001058       0x30 Src/main.o
 .debug_aranges
                0x0000000000001088       0x88 Src/stm32f7xx_hal_msp.o
 .debug_aranges
                0x0000000000001110       0x90 Src/stm32f7xx_it.o
 .debug_aranges
                0x00000000000011a0       0x28 Src/system_stm32f7xx.o
 .debug_aranges
                0x00000000000011c8       0x20 Src/modules/_data.o
 .debug_aranges
                0x00000000000011e8       0x30 Src/modules/adc.o
 .debug_aranges
                0x0000000000001218       0x28 Src/modules/can.o
 .debug_aranges
                0x0000000000001240       0x70 Src/modules/log.o
 .debug_aranges
                0x00000000000012b0       0x60 Src/modules/serial.o
 .debug_aranges
                0x0000000000001310       0x60 Src/sensors/HO250S.o
 .debug_aranges
                0x0000000000001370       0x68 Src/sensors/PGA411.o
 .debug_aranges
                0x00000000000013d8       0x30 Src/sensors/amc1106.o
 .debug_aranges
                0x0000000000001408       0x20 Src/sensors/battery.o
 .debug_aranges
                0x0000000000001428       0x30 Src/sensors/thermistor.o
 .debug_aranges
                0x0000000000001458       0x48 Src/utils/flash.o
 .debug_aranges
                0x00000000000014a0       0x28 Startup/startup_stm32f767zgtx.o

.debug_ranges   0x0000000000000000     0x4538
 .debug_ranges  0x0000000000000000       0xf8 Drivers/STM32F7xx_HAL_Driver/Src/stm32f7xx_hal.o
 .debug_ranges  0x00000000000000f8       0xe0 Drivers/STM32F7xx_HAL_Driver/Src/stm32f7xx_hal_adc.o
 .debug_ranges  0x00000000000001d8       0x80 Drivers/STM32F7xx_HAL_Driver/Src/stm32f7xx_hal_adc_ex.o
 .debug_ranges  0x0000000000000258       0xd0 Drivers/STM32F7xx_HAL_Driver/Src/stm32f7xx_hal_can.o
 .debug_ranges  0x0000000000000328      0x168 Drivers/STM32F7xx_HAL_Driver/Src/stm32f7xx_hal_cortex.o
 .debug_ranges  0x0000000000000490      0x748 Drivers/STM32F7xx_HAL_Driver/Src/stm32f7xx_hal_dfsdm.o
 .debug_ranges  0x0000000000000bd8      0x150 Drivers/STM32F7xx_HAL_Driver/Src/stm32f7xx_hal_dma.o
 .debug_ranges  0x0000000000000d28      0x218 Drivers/STM32F7xx_HAL_Driver/Src/stm32f7xx_hal_flash.o
 .debug_ranges  0x0000000000000f40      0x190 Drivers/STM32F7xx_HAL_Driver/Src/stm32f7xx_hal_flash_ex.o
 .debug_ranges  0x00000000000010d0       0x80 Drivers/STM32F7xx_HAL_Driver/Src/stm32f7xx_hal_gpio.o
 .debug_ranges  0x0000000000001150       0x18 Drivers/STM32F7xx_HAL_Driver/Src/stm32f7xx_hal_iwdg.o
 .debug_ranges  0x0000000000001168      0x130 Drivers/STM32F7xx_HAL_Driver/Src/stm32f7xx_hal_pwr_ex.o
 .debug_ranges  0x0000000000001298      0x168 Drivers/STM32F7xx_HAL_Driver/Src/stm32f7xx_hal_rcc.o
 .debug_ranges  0x0000000000001400       0x60 Drivers/STM32F7xx_HAL_Driver/Src/stm32f7xx_hal_rcc_ex.o
 .debug_ranges  0x0000000000001460      0xbb8 Drivers/STM32F7xx_HAL_Driver/Src/stm32f7xx_hal_spi.o
 .debug_ranges  0x0000000000002018      0x8a0 Drivers/STM32F7xx_HAL_Driver/Src/stm32f7xx_hal_tim.o
 .debug_ranges  0x00000000000028b8      0x1d0 Drivers/STM32F7xx_HAL_Driver/Src/stm32f7xx_hal_tim_ex.o
 .debug_ranges  0x0000000000002a88      0x640 Drivers/STM32F7xx_HAL_Driver/Src/stm32f7xx_hal_uart.o
 .debug_ranges  0x00000000000030c8       0x28 Src/control/PWM.o
 .debug_ranges  0x00000000000030f0       0xc0 Src/control/control.o
 .debug_ranges  0x00000000000031b0      0x128 Src/control/inner.o
 .debug_ranges  0x00000000000032d8       0x40 Src/control/math_fcns.o
 .debug_ranges  0x0000000000003318       0x40 Src/control/outer.o
 .debug_ranges  0x0000000000003358       0x58 Src/control/torque.o
 .debug_ranges  0x00000000000033b0      0x258 Src/main.o
 .debug_ranges  0x0000000000003608      0x320 Src/stm32f7xx_hal_msp.o
 .debug_ranges  0x0000000000003928       0x80 Src/stm32f7xx_it.o
 .debug_ranges  0x00000000000039a8       0x18 Src/system_stm32f7xx.o
 .debug_ranges  0x00000000000039c0       0x10 Src/modules/_data.o
 .debug_ranges  0x00000000000039d0       0x40 Src/modules/adc.o
 .debug_ranges  0x0000000000003a10       0x18 Src/modules/can.o
 .debug_ranges  0x0000000000003a28       0xc0 Src/modules/log.o
 .debug_ranges  0x0000000000003ae8      0x120 Src/modules/serial.o
 .debug_ranges  0x0000000000003c08      0x358 Src/sensors/HO250S.o
 .debug_ranges  0x0000000000003f60      0x410 Src/sensors/PGA411.o
 .debug_ranges  0x0000000000004370       0x40 Src/sensors/amc1106.o
 .debug_ranges  0x00000000000043b0       0x10 Src/sensors/battery.o
 .debug_ranges  0x00000000000043c0       0xd8 Src/sensors/thermistor.o
 .debug_ranges  0x0000000000004498       0x80 Src/utils/flash.o
 .debug_ranges  0x0000000000004518       0x20 Startup/startup_stm32f767zgtx.o

.debug_macro    0x0000000000000000    0x2c3d1
 .debug_macro   0x0000000000000000      0x253 Drivers/STM32F7xx_HAL_Driver/Src/stm32f7xx_hal.o
 .debug_macro   0x0000000000000253      0xa72 Drivers/STM32F7xx_HAL_Driver/Src/stm32f7xx_hal.o
 .debug_macro   0x0000000000000cc5      0x1a7 Drivers/STM32F7xx_HAL_Driver/Src/stm32f7xx_hal.o
 .debug_macro   0x0000000000000e6c       0x2e Drivers/STM32F7xx_HAL_Driver/Src/stm32f7xx_hal.o
 .debug_macro   0x0000000000000e9a       0x3b Drivers/STM32F7xx_HAL_Driver/Src/stm32f7xx_hal.o
 .debug_macro   0x0000000000000ed5       0x22 Drivers/STM32F7xx_HAL_Driver/Src/stm32f7xx_hal.o
 .debug_macro   0x0000000000000ef7       0x8e Drivers/STM32F7xx_HAL_Driver/Src/stm32f7xx_hal.o
 .debug_macro   0x0000000000000f85       0x51 Drivers/STM32F7xx_HAL_Driver/Src/stm32f7xx_hal.o
 .debug_macro   0x0000000000000fd6       0xef Drivers/STM32F7xx_HAL_Driver/Src/stm32f7xx_hal.o
 .debug_macro   0x00000000000010c5       0x6a Drivers/STM32F7xx_HAL_Driver/Src/stm32f7xx_hal.o
 .debug_macro   0x000000000000112f      0x1df Drivers/STM32F7xx_HAL_Driver/Src/stm32f7xx_hal.o
 .debug_macro   0x000000000000130e       0x1c Drivers/STM32F7xx_HAL_Driver/Src/stm32f7xx_hal.o
 .debug_macro   0x000000000000132a       0x22 Drivers/STM32F7xx_HAL_Driver/Src/stm32f7xx_hal.o
 .debug_macro   0x000000000000134c       0xdf Drivers/STM32F7xx_HAL_Driver/Src/stm32f7xx_hal.o
 .debug_macro   0x000000000000142b     0x12cd Drivers/STM32F7xx_HAL_Driver/Src/stm32f7xx_hal.o
 .debug_macro   0x00000000000026f8      0x11f Drivers/STM32F7xx_HAL_Driver/Src/stm32f7xx_hal.o
 .debug_macro   0x0000000000002817       0x19 Drivers/STM32F7xx_HAL_Driver/Src/stm32f7xx_hal.o
 .debug_macro   0x0000000000002830    0x1a029 Drivers/STM32F7xx_HAL_Driver/Src/stm32f7xx_hal.o
 .debug_macro   0x000000000001c859       0x43 Drivers/STM32F7xx_HAL_Driver/Src/stm32f7xx_hal.o
 .debug_macro   0x000000000001c89c     0x363d Drivers/STM32F7xx_HAL_Driver/Src/stm32f7xx_hal.o
 .debug_macro   0x000000000001fed9      0x174 Drivers/STM32F7xx_HAL_Driver/Src/stm32f7xx_hal.o
 .debug_macro   0x000000000002004d       0x61 Drivers/STM32F7xx_HAL_Driver/Src/stm32f7xx_hal.o
 .debug_macro   0x00000000000200ae     0x1add Drivers/STM32F7xx_HAL_Driver/Src/stm32f7xx_hal.o
 .debug_macro   0x0000000000021b8b      0x6c4 Drivers/STM32F7xx_HAL_Driver/Src/stm32f7xx_hal.o
 .debug_macro   0x000000000002224f      0x109 Drivers/STM32F7xx_HAL_Driver/Src/stm32f7xx_hal.o
 .debug_macro   0x0000000000022358      0x117 Drivers/STM32F7xx_HAL_Driver/Src/stm32f7xx_hal.o
 .debug_macro   0x000000000002246f      0x26f Drivers/STM32F7xx_HAL_Driver/Src/stm32f7xx_hal.o
 .debug_macro   0x00000000000226de       0x27 Drivers/STM32F7xx_HAL_Driver/Src/stm32f7xx_hal.o
 .debug_macro   0x0000000000022705      0x24f Drivers/STM32F7xx_HAL_Driver/Src/stm32f7xx_hal.o
 .debug_macro   0x0000000000022954       0x71 Drivers/STM32F7xx_HAL_Driver/Src/stm32f7xx_hal.o
 .debug_macro   0x00000000000229c5       0x58 Drivers/STM32F7xx_HAL_Driver/Src/stm32f7xx_hal.o
 .debug_macro   0x0000000000022a1d      0x236 Drivers/STM32F7xx_HAL_Driver/Src/stm32f7xx_hal.o
 .debug_macro   0x0000000000022c53      0x408 Drivers/STM32F7xx_HAL_Driver/Src/stm32f7xx_hal.o
 .debug_macro   0x000000000002305b      0x161 Drivers/STM32F7xx_HAL_Driver/Src/stm32f7xx_hal.o
 .debug_macro   0x00000000000231bc      0x100 Drivers/STM32F7xx_HAL_Driver/Src/stm32f7xx_hal.o
 .debug_macro   0x00000000000232bc      0x40f Drivers/STM32F7xx_HAL_Driver/Src/stm32f7xx_hal.o
 .debug_macro   0x00000000000236cb      0x14f Drivers/STM32F7xx_HAL_Driver/Src/stm32f7xx_hal.o
 .debug_macro   0x000000000002381a      0x3dc Drivers/STM32F7xx_HAL_Driver/Src/stm32f7xx_hal.o
 .debug_macro   0x0000000000023bf6       0x12 Drivers/STM32F7xx_HAL_Driver/Src/stm32f7xx_hal.o
 .debug_macro   0x0000000000023c08      0x22c Drivers/STM32F7xx_HAL_Driver/Src/stm32f7xx_hal.o
 .debug_macro   0x0000000000023e34       0x61 Drivers/STM32F7xx_HAL_Driver/Src/stm32f7xx_hal.o
 .debug_macro   0x0000000000023e95       0xa5 Drivers/STM32F7xx_HAL_Driver/Src/stm32f7xx_hal.o
 .debug_macro   0x0000000000023f3a       0x85 Drivers/STM32F7xx_HAL_Driver/Src/stm32f7xx_hal.o
 .debug_macro   0x0000000000023fbf      0x12f Drivers/STM32F7xx_HAL_Driver/Src/stm32f7xx_hal.o
 .debug_macro   0x00000000000240ee      0x108 Drivers/STM32F7xx_HAL_Driver/Src/stm32f7xx_hal.o
 .debug_macro   0x00000000000241f6       0x35 Drivers/STM32F7xx_HAL_Driver/Src/stm32f7xx_hal.o
 .debug_macro   0x000000000002422b      0x2fe Drivers/STM32F7xx_HAL_Driver/Src/stm32f7xx_hal.o
 .debug_macro   0x0000000000024529      0x9f0 Drivers/STM32F7xx_HAL_Driver/Src/stm32f7xx_hal.o
 .debug_macro   0x0000000000024f19       0xa9 Drivers/STM32F7xx_HAL_Driver/Src/stm32f7xx_hal.o